MPLINK 4.47, Linker
Linker Map File - Created Fri Feb 07 13:19:46 2014

                                 Section Info
                  Section       Type    Address   Location Size(Bytes)
                ---------  ---------  ---------  ---------  ---------
                   .org_0       code   0x000000    program   0x000000
                   .org_1       code   0x000000    program   0x000006
                   .org_2       code   0x001efd    program   0x000006
                   .org_3       code   0x001f00    program   0x00017c



                              Program Memory Usage 
                               Start         End      
                           ---------   ---------      
                            0x000000    0x000002      
                            0x001efd    0x001fbd      
            196 out of 8454 program addresses used, program memory utilization is 2%



                              Symbols - Sorted by Name
                     Name    Address   Location    Storage File                     
                ---------  ---------  ---------  --------- ---------                
                 CommExit   0x001f9a    program     static C:\PIC-Programs\HEX\16F877A\DS30-bootloader\src\uart.inc
                 CommInit   0x001f8d    program     static C:\PIC-Programs\HEX\16F877A\DS30-bootloader\src\uart.inc
                     Main   0x001f11    program     static C:\PIC-Programs\HEX\16F877A\DS30-bootloader\src\ds30loader.asm
                   RcvIni   0x001fa2    program     static C:\PIC-Programs\HEX\16F877A\DS30-bootloader\src\uart.inc
                  Receive   0x001fa1    program     static C:\PIC-Programs\HEX\16F877A\DS30-bootloader\src\uart.inc
                     Send   0x001fb6    program     static C:\PIC-Programs\HEX\16F877A\DS30-bootloader\src\uart.inc
                    Write   0x001f7f    program     static C:\PIC-Programs\HEX\16F877A\DS30-bootloader\src\ds30loader.asm
                  blstart   0x001f00    program     static C:\PIC-Programs\HEX\16F877A\DS30-bootloader\src\ds30loader.asm
                  crcfail   0x001f7c    program     static C:\PIC-Programs\HEX\16F877A\DS30-bootloader\src\ds30loader.asm
                   cwrrow   0x001f33    program     static C:\PIC-Programs\HEX\16F877A\DS30-bootloader\src\ds30loader.asm
                   eeprom   0x001f69    program     static C:\PIC-Programs\HEX\16F877A\DS30-bootloader\src\ds30loader.asm
                   eewait   0x001f6f    program     static C:\PIC-Programs\HEX\16F877A\DS30-bootloader\src\ds30loader.asm
                    erase   0x001f3d    program     static C:\PIC-Programs\HEX\16F877A\DS30-bootloader\src\ds30loader.asm
                     exit   0x001f3a    program     static C:\PIC-Programs\HEX\16F877A\DS30-bootloader\src\ds30loader.asm
                  loadusr   0x001efd    program     static C:\PIC-Programs\HEX\16F877A\DS30-bootloader\src\ds30loader.asm
                    mainl   0x001f14    program     static C:\PIC-Programs\HEX\16F877A\DS30-bootloader\src\ds30loader.asm
                   notrcv   0x001faf    program     static C:\PIC-Programs\HEX\16F877A\DS30-bootloader\src\uart.inc
                   rcvoct   0x001f25    program     static C:\PIC-Programs\HEX\16F877A\DS30-bootloader\src\ds30loader.asm
                   rhello   0x001f03    program     static C:\PIC-Programs\HEX\16F877A\DS30-bootloader\src\ds30loader.asm
                     rpt2   0x001fa3    program     static C:\PIC-Programs\HEX\16F877A\DS30-bootloader\src\uart.inc
                     rpt3   0x001fa5    program     static C:\PIC-Programs\HEX\16F877A\DS30-bootloader\src\uart.inc
                     rptc   0x001fa6    program     static C:\PIC-Programs\HEX\16F877A\DS30-bootloader\src\uart.inc
                   sendid   0x001f0b    program     static C:\PIC-Programs\HEX\16F877A\DS30-bootloader\src\ds30loader.asm
                   txwait   0x001fbb    program     static C:\PIC-Programs\HEX\16F877A\DS30-bootloader\src\uart.inc
                  verfail   0x001f79    program     static C:\PIC-Programs\HEX\16F877A\DS30-bootloader\src\ds30loader.asm
                  verword   0x001f52    program     static C:\PIC-Programs\HEX\16F877A\DS30-bootloader\src\ds30loader.asm
                   waitpc   0x001f01    program     static C:\PIC-Programs\HEX\16F877A\DS30-bootloader\src\ds30loader.asm
                  waitwre   0x001f89    program     static C:\PIC-Programs\HEX\16F877A\DS30-bootloader\src\ds30loader.asm
                 writerow   0x001f40    program     static C:\PIC-Programs\HEX\16F877A\DS30-bootloader\src\ds30loader.asm
                   wrword   0x001f43    program     static C:\PIC-Programs\HEX\16F877A\DS30-bootloader\src\ds30loader.asm



                              Symbols - Sorted by Address
                     Name    Address   Location    Storage File                     
                ---------  ---------  ---------  --------- ---------                
                  loadusr   0x001efd    program     static C:\PIC-Programs\HEX\16F877A\DS30-bootloader\src\ds30loader.asm
                  blstart   0x001f00    program     static C:\PIC-Programs\HEX\16F877A\DS30-bootloader\src\ds30loader.asm
                   waitpc   0x001f01    program     static C:\PIC-Programs\HEX\16F877A\DS30-bootloader\src\ds30loader.asm
                   rhello   0x001f03    program     static C:\PIC-Programs\HEX\16F877A\DS30-bootloader\src\ds30loader.asm
                   sendid   0x001f0b    program     static C:\PIC-Programs\HEX\16F877A\DS30-bootloader\src\ds30loader.asm
                     Main   0x001f11    program     static C:\PIC-Programs\HEX\16F877A\DS30-bootloader\src\ds30loader.asm
                    mainl   0x001f14    program     static C:\PIC-Programs\HEX\16F877A\DS30-bootloader\src\ds30loader.asm
                   rcvoct   0x001f25    program     static C:\PIC-Programs\HEX\16F877A\DS30-bootloader\src\ds30loader.asm
                   cwrrow   0x001f33    program     static C:\PIC-Programs\HEX\16F877A\DS30-bootloader\src\ds30loader.asm
                     exit   0x001f3a    program     static C:\PIC-Programs\HEX\16F877A\DS30-bootloader\src\ds30loader.asm
                    erase   0x001f3d    program     static C:\PIC-Programs\HEX\16F877A\DS30-bootloader\src\ds30loader.asm
                 writerow   0x001f40    program     static C:\PIC-Programs\HEX\16F877A\DS30-bootloader\src\ds30loader.asm
                   wrword   0x001f43    program     static C:\PIC-Programs\HEX\16F877A\DS30-bootloader\src\ds30loader.asm
                  verword   0x001f52    program     static C:\PIC-Programs\HEX\16F877A\DS30-bootloader\src\ds30loader.asm
                   eeprom   0x001f69    program     static C:\PIC-Programs\HEX\16F877A\DS30-bootloader\src\ds30loader.asm
                   eewait   0x001f6f    program     static C:\PIC-Programs\HEX\16F877A\DS30-bootloader\src\ds30loader.asm
                  verfail   0x001f79    program     static C:\PIC-Programs\HEX\16F877A\DS30-bootloader\src\ds30loader.asm
                  crcfail   0x001f7c    program     static C:\PIC-Programs\HEX\16F877A\DS30-bootloader\src\ds30loader.asm
                    Write   0x001f7f    program     static C:\PIC-Programs\HEX\16F877A\DS30-bootloader\src\ds30loader.asm
                  waitwre   0x001f89    program     static C:\PIC-Programs\HEX\16F877A\DS30-bootloader\src\ds30loader.asm
                 CommInit   0x001f8d    program     static C:\PIC-Programs\HEX\16F877A\DS30-bootloader\src\uart.inc
                 CommExit   0x001f9a    program     static C:\PIC-Programs\HEX\16F877A\DS30-bootloader\src\uart.inc
                  Receive   0x001fa1    program     static C:\PIC-Programs\HEX\16F877A\DS30-bootloader\src\uart.inc
                   RcvIni   0x001fa2    program     static C:\PIC-Programs\HEX\16F877A\DS30-bootloader\src\uart.inc
                     rpt2   0x001fa3    program     static C:\PIC-Programs\HEX\16F877A\DS30-bootloader\src\uart.inc
                     rpt3   0x001fa5    program     static C:\PIC-Programs\HEX\16F877A\DS30-bootloader\src\uart.inc
                     rptc   0x001fa6    program     static C:\PIC-Programs\HEX\16F877A\DS30-bootloader\src\uart.inc
                   notrcv   0x001faf    program     static C:\PIC-Programs\HEX\16F877A\DS30-bootloader\src\uart.inc
                     Send   0x001fb6    program     static C:\PIC-Programs\HEX\16F877A\DS30-bootloader\src\uart.inc
                   txwait   0x001fbb    program     static C:\PIC-Programs\HEX\16F877A\DS30-bootloader\src\uart.inc


