Microchip Technology Inc, v1.41 (A)

Tool Name:
  d:\program files (x86)\microchip\bin\bin\..\bin/elf-ld.exe

Command:
  -p33FJ128GP804 \
  -o \
  dist/XC16_dsPIC33FJ128GP804/debug/FactorDeGiro.X.debug.elf \
  -Ld:/program files (x86)/microchip/bin/bin/.. \
  -Ld:/program files (x86)/microchip/bin/bin/../../lib \
  -Ld:/program files (x86)/microchip/bin/bin/../../support/PIC24E/gld \
  -Ld:/program files (x86)/microchip/bin/bin/../../support/PIC24F/gld \
  -Ld:/program files (x86)/microchip/bin/bin/../../support/PIC24H/gld \
  -Ld:/program files (x86)/microchip/bin/bin/../../support/dsPIC30F/gld \
  -Ld:/program files (x86)/microchip/bin/bin/../../support/dsPIC33C/gld \
  -Ld:/program files (x86)/microchip/bin/bin/../../support/dsPIC33E/gld \
  -Ld:/program files (x86)/microchip/bin/bin/../../support/dsPIC33F/gld \
  build/XC16_dsPIC33FJ128GP804/debug/configuration_bits.o \
  build/XC16_dsPIC33FJ128GP804/debug/interrupts.o \
  build/XC16_dsPIC33FJ128GP804/debug/main.o \
  build/XC16_dsPIC33FJ128GP804/debug/system.o \
  build/XC16_dsPIC33FJ128GP804/debug/traps.o \
  build/XC16_dsPIC33FJ128GP804/debug/user.o \
  D:\Program Files (x86)\Microchip\lib\libdsp-elf.a \
  --defsym=__MPLAB_BUILD=1 \
  --defsym=__MPLAB_DEBUG=1 \
  --defsym=__DEBUG=1 \
  --defsym=__MPLAB_DEBUGGER_SIMULATOR=1 \
  -Tp33FJ128GP804.gld.00 \
  --stack=16 \
  --check-sections \
  --data-init \
  --pack-data \
  --handles \
  --isr \
  --no-gc-sections \
  --fill-upper=0 \
  --stackguard=16 \
  --no-force-link \
  --smart-io \
  -Map=dist/XC16_dsPIC33FJ128GP804/debug/FactorDeGiro.X.debug.map \
  --report-mem \
  --memorysummary \
  dist/XC16_dsPIC33FJ128GP804/debug/memoryfile.xml \
  -start-group \
  --library=lega-pic30-elf \
  --library=m-elf \
  --library=lega-c-elf \
  -end-group \

Archive member included because of file (symbol)

D:\Program Files (x86)\Microchip\lib\libdsp-elf.a(inittwid.deo)
                              build/XC16_dsPIC33FJ128GP804/debug/main.o (_TwidFactorInit)
D:\Program Files (x86)\Microchip\lib\libdsp-elf.a(flt2frct.deo)
                              D:\Program Files (x86)\Microchip\lib\libdsp-elf.a(inittwid.deo) (_Float2Fract)

Optional library libp33FJ128GP804.a not found
d:/program files (x86)/microchip/bin/bin/../../lib\liblega-pic30-elf.a(crt0_standard.o)
                              (__resetPRI)
d:/program files (x86)/microchip/bin/bin/../../lib\liblega-pic30-elf.a(data_init_standard.o)
                              d:/program files (x86)/microchip/bin/bin/../../lib\liblega-pic30-elf.a(crt0_standard.o) (__data_init_standard)
d:/program files (x86)/microchip/bin/bin/../../lib\liblega-pic30-elf.a(crt_start_mode_normal.Leo)
                              (__crt_start_mode_normal)
d:/program files (x86)/microchip/bin/bin/../../lib\libm-elf.a(addsf3.eo)
                              D:\Program Files (x86)\Microchip\lib\libdsp-elf.a(inittwid.deo) (___subsf3)
d:/program files (x86)/microchip/bin/bin/../../lib\libm-elf.a(ceilf.eo)
                              D:\Program Files (x86)\Microchip\lib\libdsp-elf.a(flt2frct.deo) (_ceilf)
d:/program files (x86)/microchip/bin/bin/../../lib\libm-elf.a(cosf.eo)
                              D:\Program Files (x86)\Microchip\lib\libdsp-elf.a(inittwid.deo) (_cosf)
d:/program files (x86)/microchip/bin/bin/../../lib\libm-elf.a(divsf3.eo)
                              D:\Program Files (x86)\Microchip\lib\libdsp-elf.a(inittwid.deo) (___divsf3)
d:/program files (x86)/microchip/bin/bin/../../lib\libm-elf.a(fchop.eo)
                              d:/program files (x86)/microchip/bin/bin/../../lib\libm-elf.a(ceilf.eo) (__fchop)
d:/program files (x86)/microchip/bin/bin/../../lib\libm-elf.a(feqltle.eo)
                              D:\Program Files (x86)\Microchip\lib\libdsp-elf.a(flt2frct.deo) (___eqsf2)
d:/program files (x86)/microchip/bin/bin/../../lib\libm-elf.a(fgtge.eo)
                              D:\Program Files (x86)\Microchip\lib\libdsp-elf.a(flt2frct.deo) (___gtsf2)
d:/program files (x86)/microchip/bin/bin/../../lib\libm-elf.a(fixsfsi.eo)
                              D:\Program Files (x86)\Microchip\lib\libdsp-elf.a(flt2frct.deo) (_(float, int, long long, short, float, short, int))
d:/program files (x86)/microchip/bin/bin/../../lib\libm-elf.a(floatsisf.eo)
                              D:\Program Files (x86)\Microchip\lib\libdsp-elf.a(inittwid.deo) (___floatsisf)
d:/program files (x86)/microchip/bin/bin/../../lib\libm-elf.a(floorf.eo)
                              D:\Program Files (x86)\Microchip\lib\libdsp-elf.a(flt2frct.deo) (_floorf)
d:/program files (x86)/microchip/bin/bin/../../lib\libm-elf.a(fne.eo)
                              D:\Program Files (x86)\Microchip\lib\libdsp-elf.a(flt2frct.deo) (___nesf2)
d:/program files (x86)/microchip/bin/bin/../../lib\libm-elf.a(fpack.eo)
                              d:/program files (x86)/microchip/bin/bin/../../lib\libm-elf.a(addsf3.eo) (__fpack)
d:/program files (x86)/microchip/bin/bin/../../lib\libm-elf.a(funpack.eo)
                              d:/program files (x86)/microchip/bin/bin/../../lib\libm-elf.a(fchop.eo) (__funpack)
d:/program files (x86)/microchip/bin/bin/../../lib\libm-elf.a(funpack2.eo)
                              d:/program files (x86)/microchip/bin/bin/../../lib\libm-elf.a(addsf3.eo) (__funpack2)
d:/program files (x86)/microchip/bin/bin/../../lib\libm-elf.a(futil.eo)
                              d:/program files (x86)/microchip/bin/bin/../../lib\libm-elf.a(addsf3.eo) (__fPropagateNaN)
d:/program files (x86)/microchip/bin/bin/../../lib\libm-elf.a(mulsf3.eo)
                              D:\Program Files (x86)\Microchip\lib\libdsp-elf.a(inittwid.deo) (___mulsf3)
d:/program files (x86)/microchip/bin/bin/../../lib\libm-elf.a(sincosf.eo)
                              d:/program files (x86)/microchip/bin/bin/../../lib\libm-elf.a(cosf.eo) (__sincosf)
d:/program files (x86)/microchip/bin/bin/../../lib\libm-elf.a(sinf.eo)
                              D:\Program Files (x86)\Microchip\lib\libdsp-elf.a(inittwid.deo) (_sinf)
d:/program files (x86)/microchip/bin/bin/../../lib\libm-elf.a(errno.eo)
                              d:/program files (x86)/microchip/bin/bin/../../lib\libm-elf.a(sincosf.eo) (_errno)
d:/program files (x86)/microchip/bin/bin/../../lib\libm-elf.a(fcompare.eo)
                              d:/program files (x86)/microchip/bin/bin/../../lib\libm-elf.a(feqltle.eo) (__fcompare)
d:/program files (x86)/microchip/bin/bin/../../lib\libm-elf.a(floatdisf.eo)
                              d:/program files (x86)/microchip/bin/bin/../../lib\libm-elf.a(floatsisf.eo) (___floatdisf)
d:/program files (x86)/microchip/bin/bin/../../lib\libm-elf.a(floatundisf.eo)
                              d:/program files (x86)/microchip/bin/bin/../../lib\libm-elf.a(floatdisf.eo) (___floatundisf)
d:/program files (x86)/microchip/bin/bin/../../lib\libm-elf.a(fmodf.eo)
                              d:/program files (x86)/microchip/bin/bin/../../lib\libm-elf.a(sincosf.eo) (_fmodf)
d:/program files (x86)/microchip/bin/bin/../../lib\libm-elf.a(fmodrem.eo)
                              d:/program files (x86)/microchip/bin/bin/../../lib\libm-elf.a(fmodf.eo) (__fmodrem)


Selected CodeGuard Options:
  FGS:GWRP:OFF
  FGS:GSS:OFF
  FSS:SWRP:WRPROTECT_OFF
  FSS:SSS:NO_FLASH
  FSS:RSS:NO_RAM
  FBS:BWRP:WRPROTECT_OFF
  FBS:BSS:NO_FLASH
  FBS:RBS:NO_RAM

CodeGuard FLASH Memory:
  boot    (none)
  secure  (none)
  general 0x200 to 0x157fe

CodeGuard RAM Memory:
  general 0x800 to 0x47ff
  secure  (none)
  boot    (none)


xc16-ld 1.41 (A)

Default Code Model: Small
Default Data Model: Large
Default Scalar Model: Small

"program" Memory  [Origin = 0x200, Length = 0x15600]

section                    address   length (PC units)   length (bytes) (dec)
-------                    -------   -----------------   --------------------
.text                        0x200               0x956           0xe01  (3585)
.dinit                       0xb56                 0xe            0x15  (21)
.text                        0xb64                0x12            0x1b  (27)

                 Total "program" memory used (bytes):          0xe31  (3633) 2%


"data" Memory  [Origin = 0x800, Length = 0x4000]

section                    address      alignment gaps    total length  (dec)
-------                    -------      --------------    -------------------
.nbss                        0x800                   0             0x2  (2)
_038832405dc4fc18            0x880                   0            0x80  (128)

                 Total "data" memory used (bytes):           0x82  (130) <1%


Dynamic Memory Usage

region                     address                      maximum length  (dec)
------                     -------                      ---------------------
heap                             0                                   0  (0)
stack                        0x900                              0x3f00  (16128)

                 Maximum dynamic memory (bytes):         0x3f00  (16128)

Note: Project is using a large data memory model when small data memory model is sufficient.


External Symbols in Data Memory (by address):

                    0x0880                  _twiddleFactors

External Symbols in Data Memory (by name):

                    0x0880                  _twiddleFactors

External Symbols in Program Memory (by address):

                  0x000200                  __resetPRI
                  0x00023c                  __psv_init
                  0x000252                  __data_init_standard
                  0x000252                  __data_init
                  0x0002c8                  __OscillatorFail
                  0x0002ce                  __AddressError
                  0x0002d4                  __StackError
                  0x0002da                  __MathError
                  0x0002e0                  __DMACError
                  0x0002e6                  __AltOscillatorFail
                  0x0002ec                  __AltAddressError
                  0x0002f2                  __AltStackError
                  0x0002f8                  __AltMathError
                  0x0002fe                  __AltDMACError
                  0x000304                  __DefaultInterrupt
                  0x000308                  _TwidFactorInit
                  0x000482                  _Float2Fract
                  0x000616                  ___subsf3
                  0x000618                  ___addsf3
                  0x0006d2                  _ceilf
                  0x0006e2                  _cosf
                  0x0006e6                  ___divsf3
                  0x00076a                  __fchop
                  0x0007b8                  ___eqsf2
                  0x0007b8                  ___ltsf2
                  0x0007b8                  ___lesf2
                  0x0007bc                  ___gtsf2
                  0x0007bc                  ___gesf2
                  0x0007c0                  ___fixsfsi
                  0x000802                  ___floatsisf
                  0x000808                  _floorf
                  0x000818                  ___nesf2
                  0x00081c                  __fpack
                  0x000868                  __funpack
                  0x000892                  __funpack2
                  0x0008a2                  __fPropagateNaN
                  0x0008b4                  __fbopExit
                  0x0008bc                  __fbopReturnNaN
                  0x0008c2                  ___mulsf3
                  0x00092a                  __sincosf
                  0x0009fc                  _sinf
                  0x000a00                  __fcompare
                  0x000a36                  ___floatdisf
                  0x000a56                  ___floatundisf
                  0x000ab4                  _fmodf
                  0x000ab8                  __fmodrem
                  0x000b64                  _main
                  0x000b70                  _ConfigureOscillator
                  0xf80000                  __FBS.sec
                  0xf80002                  __FSS.sec
                  0xf80004                  __FGS.sec

External Symbols in Program Memory (by name):

                  0x000b70                  _ConfigureOscillator
                  0x000482                  _Float2Fract
                  0x000308                  _TwidFactorInit
                  0x0002ce                  __AddressError
                  0x0002ec                  __AltAddressError
                  0x0002fe                  __AltDMACError
                  0x0002f8                  __AltMathError
                  0x0002e6                  __AltOscillatorFail
                  0x0002f2                  __AltStackError
                  0x0002e0                  __DMACError
                  0x000304                  __DefaultInterrupt
                  0xf80000                  __FBS.sec
                  0xf80004                  __FGS.sec
                  0xf80002                  __FSS.sec
                  0x0002da                  __MathError
                  0x0002c8                  __OscillatorFail
                  0x0002d4                  __StackError
                  0x000618                  ___addsf3
                  0x0006e6                  ___divsf3
                  0x0007b8                  ___eqsf2
                  0x0007c0                  ___fixsfsi
                  0x000a36                  ___floatdisf
                  0x000802                  ___floatsisf
                  0x000a56                  ___floatundisf
                  0x0007bc                  ___gesf2
                  0x0007bc                  ___gtsf2
                  0x0007b8                  ___lesf2
                  0x0007b8                  ___ltsf2
                  0x0008c2                  ___mulsf3
                  0x000818                  ___nesf2
                  0x000616                  ___subsf3
                  0x000252                  __data_init
                  0x000252                  __data_init_standard
                  0x0008a2                  __fPropagateNaN
                  0x0008b4                  __fbopExit
                  0x0008bc                  __fbopReturnNaN
                  0x00076a                  __fchop
                  0x000a00                  __fcompare
                  0x000ab8                  __fmodrem
                  0x00081c                  __fpack
                  0x000868                  __funpack
                  0x000892                  __funpack2
                  0x00023c                  __psv_init
                  0x000200                  __resetPRI
                  0x00092a                  __sincosf
                  0x0006d2                  _ceilf
                  0x0006e2                  _cosf
                  0x000808                  _floorf
                  0x000ab4                  _fmodf
                  0x000b64                  _main
                  0x0009fc                  _sinf

Memory Configuration

Name             Origin             Length             Attributes
data             0x000800           0x004000           a !xr
reset            0x000000           0x000004  
ivt              0x000004           0x0000fc  
_reserved        0x000100           0x000004  
aivt             0x000104           0x0000fc  
program          0x000200           0x015600           xr
FBS              0xf80000           0x000002  
FSS              0xf80002           0x000002  
FGS              0xf80004           0x000002  
FOSCSEL          0xf80006           0x000002  
FOSC             0xf80008           0x000002  
FWDT             0xf8000a           0x000002  
FPOR             0xf8000c           0x000002  
FICD             0xf8000e           0x000002  
FUID0            0xf80010           0x000002  
FUID1            0xf80012           0x000002  
FUID2            0xf80014           0x000002  
FUID3            0xf80016           0x000002  
*default*        0x000000           0xffffffff  

Linker script and memory map

LOAD build/XC16_dsPIC33FJ128GP804/debug/configuration_bits.o
LOAD build/XC16_dsPIC33FJ128GP804/debug/interrupts.o
LOAD build/XC16_dsPIC33FJ128GP804/debug/main.o
LOAD build/XC16_dsPIC33FJ128GP804/debug/system.o
LOAD build/XC16_dsPIC33FJ128GP804/debug/traps.o
LOAD build/XC16_dsPIC33FJ128GP804/debug/user.o
LOAD D:\Program Files (x86)\Microchip\lib\libdsp-elf.a
                    0x0001                  __MPLAB_BUILD = 0x1
                    0x0001                  __MPLAB_DEBUG = 0x1
                    0x0001                  __DEBUG = 0x1
                    0x0001                  __MPLAB_DEBUGGER_SIMULATOR = 0x1
LOAD p33FJ128GP804
LOAD d:/program files (x86)/microchip/bin/bin/../../lib\libfx-elf.a
                    0xf80000                  __FBS = 0xf80000
                    0xf80002                  __FSS = 0xf80002
                    0xf80004                  __FGS = 0xf80004
                    0xf80006                  __FOSCSEL = 0xf80006
                    0xf80008                  __FOSC = 0xf80008
                    0xf8000a                  __FWDT = 0xf8000a
                    0xf8000c                  __FPOR = 0xf8000c
                    0xf8000e                  __FICD = 0xf8000e
                    0xf80010                  __FUID0 = 0xf80010
                    0xf80012                  __FUID1 = 0xf80012
                    0xf80014                  __FUID2 = 0xf80014
                    0xf80016                  __FUID3 = 0xf80016
                    0x0200                  __CODE_BASE = 0x200
                    0x15600                  __CODE_LENGTH = 0x15600
                    0x0004                  __IVT_BASE = 0x4
                    0x0104                  __AIVT_BASE = 0x104
                    0x0800                  __DATA_BASE = 0x800
                    0x4000                  __DATA_LENGTH = 0x4000
                    0x2800                  __YDATA_BASE = 0x2800
                    0x4000                  __DMA_BASE = 0x4000
                    0x47ff                  __DMA_END = 0x47ff

.reset            0x000000          0x4
                  0x000000          0x2 SHORT 0x200 ABSOLUTE (__reset)
                  0x000001          0x2 SHORT 0x4
                  0x000002          0x2 SHORT 0x0 ((ABSOLUTE (__reset) >> 0x10) & 0x7f)
                  0x000003          0x2 SHORT 0x0

.text             0x000200        0x956
 *(.init)
 .init            0x000200         0x4c d:/program files (x86)/microchip/bin/bin/../../lib\liblega-pic30-elf.a(crt0_standard.o)
                  0x000200                  __resetPRI
                  0x000200                  __reset
                  0x00023c                  __psv_init
 .init            0x00024c         0x7c d:/program files (x86)/microchip/bin/bin/../../lib\liblega-pic30-elf.a(data_init_standard.o)
                  0x000252                  __data_init_standard
                  0x000252                  __data_init
 *(.user_init)
 *(.handle)
 *(.isr*)
 .isr.text        0x0002c8         0x40 build/XC16_dsPIC33FJ128GP804/debug/traps.o
                  0x0002c8                  __OscillatorFail
                  0x0002ce                  __AddressError
                  0x0002d4                  __StackError
                  0x0002da                  __MathError
                  0x0002e0                  __DMACError
                  0x0002e6                  __AltOscillatorFail
                  0x0002ec                  __AltAddressError
                  0x0002f2                  __AltStackError
                  0x0002f8                  __AltMathError
                  0x0002fe                  __AltDMACError
                  0x000304                  __DefaultInterrupt
 *(.libc)
 *(.libm)
 *(.libdsp)
 .libdsp          0x000308        0x17a D:\Program Files (x86)\Microchip\lib\libdsp-elf.a(inittwid.deo)
                  0x000308                  _TwidFactorInit
 .libdsp          0x000482        0x192 D:\Program Files (x86)\Microchip\lib\libdsp-elf.a(flt2frct.deo)
                  0x000482                  _Float2Fract
 *(.lib*)
 .libpic30_crt_start_mode
                  0x000614          0x2 d:/program files (x86)/microchip/bin/bin/../../lib\liblega-pic30-elf.a(crt_start_mode_normal.Leo)
                  0x000614                  __crt_start_mode
                  0x000614                  __crt_start_mode_normal
 .libm.subsf3     0x000616         0xbc d:/program files (x86)/microchip/bin/bin/../../lib\libm-elf.a(addsf3.eo)
                  0x000616                  ___subsf3
                  0x000618                  ___addsf3
 .libm.ceilf      0x0006d2         0x10 d:/program files (x86)/microchip/bin/bin/../../lib\libm-elf.a(ceilf.eo)
                  0x0006d2                  _ceilf
 .libm.cosf       0x0006e2          0x4 d:/program files (x86)/microchip/bin/bin/../../lib\libm-elf.a(cosf.eo)
                  0x0006e2                  _cosf
 .libm.divfs3     0x0006e6         0x84 d:/program files (x86)/microchip/bin/bin/../../lib\libm-elf.a(divsf3.eo)
                  0x0006e6                  ___divsf3
 .libm.fchop      0x00076a         0x4e d:/program files (x86)/microchip/bin/bin/../../lib\libm-elf.a(fchop.eo)
                  0x00076a                  __fchop
 .libm.eqsf2      0x0007b8          0x4 d:/program files (x86)/microchip/bin/bin/../../lib\libm-elf.a(feqltle.eo)
                  0x0007b8                  ___eqsf2
                  0x0007b8                  ___ltsf2
                  0x0007b8                  ___lesf2
 .libm.gtsf2      0x0007bc          0x4 d:/program files (x86)/microchip/bin/bin/../../lib\libm-elf.a(fgtge.eo)
                  0x0007bc                  ___gesf2
                  0x0007bc                  ___gtsf2
 .libm.fixsfsi    0x0007c0         0x42 d:/program files (x86)/microchip/bin/bin/../../lib\libm-elf.a(fixsfsi.eo)
                  0x0007c0                  _(float, int, long long, short, float, short, int)
 .libm.floatsisf
                  0x000802          0x6 d:/program files (x86)/microchip/bin/bin/../../lib\libm-elf.a(floatsisf.eo)
                  0x000802                  ___floatsisf
 .libm.floorf     0x000808         0x10 d:/program files (x86)/microchip/bin/bin/../../lib\libm-elf.a(floorf.eo)
                  0x000808                  _floorf
 .libm.nesf2      0x000818          0x4 d:/program files (x86)/microchip/bin/bin/../../lib\libm-elf.a(fne.eo)
                  0x000818                  ___nesf2
 .libm.fpack      0x00081c         0x4c d:/program files (x86)/microchip/bin/bin/../../lib\libm-elf.a(fpack.eo)
                  0x00081c                  __fpack
 .libm.funpack    0x000868         0x2a d:/program files (x86)/microchip/bin/bin/../../lib\libm-elf.a(funpack.eo)
                  0x000868                  __funpack
 .libm.funpack2
                  0x000892         0x10 d:/program files (x86)/microchip/bin/bin/../../lib\libm-elf.a(funpack2.eo)
                  0x000892                  __funpack2
 .libm.fPropagateNaN
                  0x0008a2         0x12 d:/program files (x86)/microchip/bin/bin/../../lib\libm-elf.a(futil.eo)
                  0x0008a2                  __fPropagateNaN
 .libm.fbobExit
                  0x0008b4          0x8 d:/program files (x86)/microchip/bin/bin/../../lib\libm-elf.a(futil.eo)
                  0x0008b4                  __fbopExit
 .libm.fbopReturnNaN
                  0x0008bc          0x6 d:/program files (x86)/microchip/bin/bin/../../lib\libm-elf.a(futil.eo)
                  0x0008bc                  __fbopReturnNaN
 .libm.mulsf3     0x0008c2         0x68 d:/program files (x86)/microchip/bin/bin/../../lib\libm-elf.a(mulsf3.eo)
                  0x0008c2                  ___mulsf3
 .libm.sincosf    0x00092a         0xd2 d:/program files (x86)/microchip/bin/bin/../../lib\libm-elf.a(sincosf.eo)
                  0x00092a                  __sincosf
 .libm.sinf       0x0009fc          0x4 d:/program files (x86)/microchip/bin/bin/../../lib\libm-elf.a(sinf.eo)
                  0x0009fc                  _sinf
 .libm.fcompare
                  0x000a00         0x36 d:/program files (x86)/microchip/bin/bin/../../lib\libm-elf.a(fcompare.eo)
                  0x000a00                  __fcompare
 .libm.floatdisf
                  0x000a36         0x20 d:/program files (x86)/microchip/bin/bin/../../lib\libm-elf.a(floatdisf.eo)
                  0x000a36                  ___floatdisf
 .libm.floatundisf
                  0x000a56         0x5e d:/program files (x86)/microchip/bin/bin/../../lib\libm-elf.a(floatundisf.eo)
                  0x000a56                  ___floatundisf
 .libm.fmodf      0x000ab4          0x4 d:/program files (x86)/microchip/bin/bin/../../lib\libm-elf.a(fmodf.eo)
                  0x000ab4                  _fmodf
 .libm.fmodrem    0x000ab8         0x9e d:/program files (x86)/microchip/bin/bin/../../lib\libm-elf.a(fmodrem.eo)
                  0x000ab8                  __fmodrem

usercode
 *(usercode)

__FBS             0xf80000          0x2
 *(__FBS.sec*)
 __FBS.sec        0xf80000          0x2 /CW/_FBSêΩ∏
                  0xf80000                  __FBS.sec

__FSS             0xf80002          0x2
 *(__FSS.sec*)
 __FSS.sec        0xf80002          0x2 /CW/_FSS¿π
                  0xf80002                  __FSS.sec

__FGS             0xf80004          0x2
 *(__FGS.sec*)
 __FGS.sec        0xf80004          0x2 /CW/_FGS@r´
                  0xf80004                  __FGS.sec

__FOSCSEL
 *(__FOSCSEL.sec*)

__FOSC
 *(__FOSC.sec*)

__FWDT
 *(__FWDT.sec*)

__FPOR
 *(__FPOR.sec*)

__FICD
 *(__FICD.sec*)

__FUID0
 *(__FUID0.sec*)

__FUID1
 *(__FUID1.sec*)

__FUID2
 *(__FUID2.sec*)

__FUID3
 *(__FUID3.sec*)

.comment
 *(.comment)

.debug_info       0x000000        0xe19
 *(.debug_info)
 .debug_info      0x000000        0x118 build/XC16_dsPIC33FJ128GP804/debug/configuration_bits.o
 .debug_info      0x000118        0x12e build/XC16_dsPIC33FJ128GP804/debug/interrupts.o
 .debug_info      0x000246        0x1c3 build/XC16_dsPIC33FJ128GP804/debug/main.o
 .debug_info      0x000409        0x12f build/XC16_dsPIC33FJ128GP804/debug/system.o
 .debug_info      0x000538        0x3f0 build/XC16_dsPIC33FJ128GP804/debug/traps.o
 .debug_info      0x000928        0x120 build/XC16_dsPIC33FJ128GP804/debug/user.o
 .debug_info      0x000a48        0x245 D:\Program Files (x86)\Microchip\lib\libdsp-elf.a(inittwid.deo)
 .debug_info      0x000c8d        0x18c D:\Program Files (x86)\Microchip\lib\libdsp-elf.a(flt2frct.deo)
 *(.gnu.linkonce.wi.*)

.debug_abbrev     0x000000        0x2a4
 *(.debug_abbrev)
 .debug_abbrev    0x000000         0x1f build/XC16_dsPIC33FJ128GP804/debug/configuration_bits.o
 .debug_abbrev    0x00001f         0x1f build/XC16_dsPIC33FJ128GP804/debug/interrupts.o
 .debug_abbrev    0x00003e         0x93 build/XC16_dsPIC33FJ128GP804/debug/main.o
 .debug_abbrev    0x0000d1         0x34 build/XC16_dsPIC33FJ128GP804/debug/system.o
 .debug_abbrev    0x000105         0x8a build/XC16_dsPIC33FJ128GP804/debug/traps.o
 .debug_abbrev    0x00018f         0x1f build/XC16_dsPIC33FJ128GP804/debug/user.o
 .debug_abbrev    0x0001ae         0x95 D:\Program Files (x86)\Microchip\lib\libdsp-elf.a(inittwid.deo)
 .debug_abbrev    0x000243         0x61 D:\Program Files (x86)\Microchip\lib\libdsp-elf.a(flt2frct.deo)

.debug_line       0x000000        0x33d
 *(.debug_line)
 .debug_line      0x000000         0x1a build/XC16_dsPIC33FJ128GP804/debug/configuration_bits.o
 .debug_line      0x00001a         0x1a build/XC16_dsPIC33FJ128GP804/debug/interrupts.o
 .debug_line      0x000034         0xc9 build/XC16_dsPIC33FJ128GP804/debug/main.o
 .debug_line      0x0000fd         0x38 build/XC16_dsPIC33FJ128GP804/debug/system.o
 .debug_line      0x000135         0xf7 build/XC16_dsPIC33FJ128GP804/debug/traps.o
 .debug_line      0x00022c         0x1a build/XC16_dsPIC33FJ128GP804/debug/user.o
 .debug_line      0x000246         0x79 D:\Program Files (x86)\Microchip\lib\libdsp-elf.a(inittwid.deo)
 .debug_line      0x0002bf         0x7e D:\Program Files (x86)\Microchip\lib\libdsp-elf.a(flt2frct.deo)

.debug_frame      0x000000        0x248
 *(.debug_frame)
 .debug_frame     0x000000         0x30 build/XC16_dsPIC33FJ128GP804/debug/main.o
 .debug_frame     0x000030         0x30 build/XC16_dsPIC33FJ128GP804/debug/system.o
 .debug_frame     0x000060        0x148 build/XC16_dsPIC33FJ128GP804/debug/traps.o
 .debug_frame     0x0001a8         0x50 D:\Program Files (x86)\Microchip\lib\libdsp-elf.a(inittwid.deo)
 .debug_frame     0x0001f8         0x50 D:\Program Files (x86)\Microchip\lib\libdsp-elf.a(flt2frct.deo)

.debug_str        0x000000         0x1b
 *(.debug_str)
 .debug_str       0x000000          0xf build/XC16_dsPIC33FJ128GP804/debug/main.o
 .debug_str       0x00000f          0xc build/XC16_dsPIC33FJ128GP804/debug/traps.o

.debug_loc
 *(.debug_loc)

.debug_macinfo
 *(.debug_macinfo)

.debug_pubnames
                  0x000000        0x17e
 *(.debug_pubnames)
 .debug_pubnames
                  0x000000         0x2e build/XC16_dsPIC33FJ128GP804/debug/main.o
 .debug_pubnames
                  0x00002e         0x2a build/XC16_dsPIC33FJ128GP804/debug/system.o
 .debug_pubnames
                  0x000058         0xdf build/XC16_dsPIC33FJ128GP804/debug/traps.o
 .debug_pubnames
                  0x000137         0x25 D:\Program Files (x86)\Microchip\lib\libdsp-elf.a(inittwid.deo)
 .debug_pubnames
                  0x00015c         0x22 D:\Program Files (x86)\Microchip\lib\libdsp-elf.a(flt2frct.deo)

.debug_ranges
 *(.debug_ranges)

.debug_aranges    0x000000         0x78
 *(.debug_aranges)
 .debug_aranges
                  0x000000         0x18 build/XC16_dsPIC33FJ128GP804/debug/main.o
 .debug_aranges
                  0x000018         0x18 build/XC16_dsPIC33FJ128GP804/debug/system.o
 .debug_aranges
                  0x000030         0x18 build/XC16_dsPIC33FJ128GP804/debug/traps.o
 .debug_aranges
                  0x000048         0x18 D:\Program Files (x86)\Microchip\lib\libdsp-elf.a(inittwid.deo)
 .debug_aranges
                  0x000060         0x18 D:\Program Files (x86)\Microchip\lib\libdsp-elf.a(flt2frct.deo)
                    0x0000                  WREG0 = 0x0
                    0x0000                  _WREG0 = 0x0
                    0x0002                  WREG1 = 0x2
                    0x0002                  _WREG1 = 0x2
                    0x0004                  WREG2 = 0x4
                    0x0004                  _WREG2 = 0x4
                    0x0006                  WREG3 = 0x6
                    0x0006                  _WREG3 = 0x6
                    0x0008                  WREG4 = 0x8
                    0x0008                  _WREG4 = 0x8
                    0x000a                  WREG5 = 0xa
                    0x000a                  _WREG5 = 0xa
                    0x000c                  WREG6 = 0xc
                    0x000c                  _WREG6 = 0xc
                    0x000e                  WREG7 = 0xe
                    0x000e                  _WREG7 = 0xe
                    0x0010                  WREG8 = 0x10
                    0x0010                  _WREG8 = 0x10
                    0x0012                  WREG9 = 0x12
                    0x0012                  _WREG9 = 0x12
                    0x0014                  WREG10 = 0x14
                    0x0014                  _WREG10 = 0x14
                    0x0016                  WREG11 = 0x16
                    0x0016                  _WREG11 = 0x16
                    0x0018                  WREG12 = 0x18
                    0x0018                  _WREG12 = 0x18
                    0x001a                  WREG13 = 0x1a
                    0x001a                  _WREG13 = 0x1a
                    0x001c                  WREG14 = 0x1c
                    0x001c                  _WREG14 = 0x1c
                    0x001e                  WREG15 = 0x1e
                    0x001e                  _WREG15 = 0x1e
                    0x0020                  SPLIM = 0x20
                    0x0020                  _SPLIM = 0x20
                    0x0022                  ACCAL = 0x22
                    0x0022                  _ACCAL = 0x22
                    0x0024                  ACCAH = 0x24
                    0x0024                  _ACCAH = 0x24
                    0x0026                  ACCAU = 0x26
                    0x0026                  _ACCAU = 0x26
                    0x0028                  ACCBL = 0x28
                    0x0028                  _ACCBL = 0x28
                    0x002a                  ACCBH = 0x2a
                    0x002a                  _ACCBH = 0x2a
                    0x002c                  ACCBU = 0x2c
                    0x002c                  _ACCBU = 0x2c
                    0x002e                  PCL = 0x2e
                    0x002e                  _PCL = 0x2e
                    0x0030                  PCH = 0x30
                    0x0030                  _PCH = 0x30
                    0x0032                  TBLPAG = 0x32
                    0x0032                  _TBLPAG = 0x32
                    0x0034                  PSVPAG = 0x34
                    0x0034                  _PSVPAG = 0x34
                    0x0036                  RCOUNT = 0x36
                    0x0036                  _RCOUNT = 0x36
                    0x0038                  DCOUNT = 0x38
                    0x0038                  _DCOUNT = 0x38
                    0x003a                  DOSTARTL = 0x3a
                    0x003a                  _DOSTARTL = 0x3a
                    0x003c                  DOSTARTH = 0x3c
                    0x003c                  _DOSTARTH = 0x3c
                    0x003e                  DOENDL = 0x3e
                    0x003e                  _DOENDL = 0x3e
                    0x0040                  DOENDH = 0x40
                    0x0040                  _DOENDH = 0x40
                    0x0042                  SR = 0x42
                    0x0042                  _SR = 0x42
                    0x0042                  _SRbits = 0x42
                    0x0044                  CORCON = 0x44
                    0x0044                  _CORCON = 0x44
                    0x0044                  _CORCONbits = 0x44
                    0x0046                  MODCON = 0x46
                    0x0046                  _MODCON = 0x46
                    0x0046                  _MODCONbits = 0x46
                    0x0048                  XMODSRT = 0x48
                    0x0048                  _XMODSRT = 0x48
                    0x004a                  XMODEND = 0x4a
                    0x004a                  _XMODEND = 0x4a
                    0x004c                  YMODSRT = 0x4c
                    0x004c                  _YMODSRT = 0x4c
                    0x004e                  YMODEND = 0x4e
                    0x004e                  _YMODEND = 0x4e
                    0x0050                  XBREV = 0x50
                    0x0050                  _XBREV = 0x50
                    0x0050                  _XBREVbits = 0x50
                    0x0052                  DISICNT = 0x52
                    0x0052                  _DISICNT = 0x52
                    0x0060                  CNEN1 = 0x60
                    0x0060                  _CNEN1 = 0x60
                    0x0060                  _CNEN1bits = 0x60
                    0x0062                  CNEN2 = 0x62
                    0x0062                  _CNEN2 = 0x62
                    0x0062                  _CNEN2bits = 0x62
                    0x0068                  CNPU1 = 0x68
                    0x0068                  _CNPU1 = 0x68
                    0x0068                  _CNPU1bits = 0x68
                    0x006a                  CNPU2 = 0x6a
                    0x006a                  _CNPU2 = 0x6a
                    0x006a                  _CNPU2bits = 0x6a
                    0x0080                  INTCON1 = 0x80
                    0x0080                  _INTCON1 = 0x80
                    0x0080                  _INTCON1bits = 0x80
                    0x0082                  INTCON2 = 0x82
                    0x0082                  _INTCON2 = 0x82
                    0x0082                  _INTCON2bits = 0x82
                    0x0084                  IFS0 = 0x84
                    0x0084                  _IFS0 = 0x84
                    0x0084                  _IFS0bits = 0x84
                    0x0086                  IFS1 = 0x86
                    0x0086                  _IFS1 = 0x86
                    0x0086                  _IFS1bits = 0x86
                    0x0088                  IFS2 = 0x88
                    0x0088                  _IFS2 = 0x88
                    0x0088                  _IFS2bits = 0x88
                    0x008a                  IFS3 = 0x8a
                    0x008a                  _IFS3 = 0x8a
                    0x008a                  _IFS3bits = 0x8a
                    0x008c                  IFS4 = 0x8c
                    0x008c                  _IFS4 = 0x8c
                    0x008c                  _IFS4bits = 0x8c
                    0x0094                  IEC0 = 0x94
                    0x0094                  _IEC0 = 0x94
                    0x0094                  _IEC0bits = 0x94
                    0x0096                  IEC1 = 0x96
                    0x0096                  _IEC1 = 0x96
                    0x0096                  _IEC1bits = 0x96
                    0x0098                  IEC2 = 0x98
                    0x0098                  _IEC2 = 0x98
                    0x0098                  _IEC2bits = 0x98
                    0x009a                  IEC3 = 0x9a
                    0x009a                  _IEC3 = 0x9a
                    0x009a                  _IEC3bits = 0x9a
                    0x009c                  IEC4 = 0x9c
                    0x009c                  _IEC4 = 0x9c
                    0x009c                  _IEC4bits = 0x9c
                    0x00a4                  IPC0 = 0xa4
                    0x00a4                  _IPC0 = 0xa4
                    0x00a4                  _IPC0bits = 0xa4
                    0x00a6                  IPC1 = 0xa6
                    0x00a6                  _IPC1 = 0xa6
                    0x00a6                  _IPC1bits = 0xa6
                    0x00a8                  IPC2 = 0xa8
                    0x00a8                  _IPC2 = 0xa8
                    0x00a8                  _IPC2bits = 0xa8
                    0x00aa                  IPC3 = 0xaa
                    0x00aa                  _IPC3 = 0xaa
                    0x00aa                  _IPC3bits = 0xaa
                    0x00ac                  IPC4 = 0xac
                    0x00ac                  _IPC4 = 0xac
                    0x00ac                  _IPC4bits = 0xac
                    0x00ae                  IPC5 = 0xae
                    0x00ae                  _IPC5 = 0xae
                    0x00ae                  _IPC5bits = 0xae
                    0x00b0                  IPC6 = 0xb0
                    0x00b0                  _IPC6 = 0xb0
                    0x00b0                  _IPC6bits = 0xb0
                    0x00b2                  IPC7 = 0xb2
                    0x00b2                  _IPC7 = 0xb2
                    0x00b2                  _IPC7bits = 0xb2
                    0x00b4                  IPC8 = 0xb4
                    0x00b4                  _IPC8 = 0xb4
                    0x00b4                  _IPC8bits = 0xb4
                    0x00b6                  IPC9 = 0xb6
                    0x00b6                  _IPC9 = 0xb6
                    0x00b6                  _IPC9bits = 0xb6
                    0x00ba                  IPC11 = 0xba
                    0x00ba                  _IPC11 = 0xba
                    0x00ba                  _IPC11bits = 0xba
                    0x00c0                  IPC14 = 0xc0
                    0x00c0                  _IPC14 = 0xc0
                    0x00c0                  _IPC14bits = 0xc0
                    0x00c2                  IPC15 = 0xc2
                    0x00c2                  _IPC15 = 0xc2
                    0x00c2                  _IPC15bits = 0xc2
                    0x00c4                  IPC16 = 0xc4
                    0x00c4                  _IPC16 = 0xc4
                    0x00c4                  _IPC16bits = 0xc4
                    0x00c6                  IPC17 = 0xc6
                    0x00c6                  _IPC17 = 0xc6
                    0x00c6                  _IPC17bits = 0xc6
                    0x00ca                  IPC19 = 0xca
                    0x00ca                  _IPC19 = 0xca
                    0x00ca                  _IPC19bits = 0xca
                    0x00e0                  INTTREG = 0xe0
                    0x00e0                  _INTTREG = 0xe0
                    0x00e0                  _INTTREGbits = 0xe0
                    0x0100                  TMR1 = 0x100
                    0x0100                  _TMR1 = 0x100
                    0x0102                  PR1 = 0x102
                    0x0102                  _PR1 = 0x102
                    0x0104                  T1CON = 0x104
                    0x0104                  _T1CON = 0x104
                    0x0104                  _T1CONbits = 0x104
                    0x0106                  TMR2 = 0x106
                    0x0106                  _TMR2 = 0x106
                    0x0108                  TMR3HLD = 0x108
                    0x0108                  _TMR3HLD = 0x108
                    0x010a                  TMR3 = 0x10a
                    0x010a                  _TMR3 = 0x10a
                    0x010c                  PR2 = 0x10c
                    0x010c                  _PR2 = 0x10c
                    0x010e                  PR3 = 0x10e
                    0x010e                  _PR3 = 0x10e
                    0x0110                  T2CON = 0x110
                    0x0110                  _T2CON = 0x110
                    0x0110                  _T2CONbits = 0x110
                    0x0112                  T3CON = 0x112
                    0x0112                  _T3CON = 0x112
                    0x0112                  _T3CONbits = 0x112
                    0x0114                  TMR4 = 0x114
                    0x0114                  _TMR4 = 0x114
                    0x0116                  TMR5HLD = 0x116
                    0x0116                  _TMR5HLD = 0x116
                    0x0118                  TMR5 = 0x118
                    0x0118                  _TMR5 = 0x118
                    0x011a                  PR4 = 0x11a
                    0x011a                  _PR4 = 0x11a
                    0x011c                  PR5 = 0x11c
                    0x011c                  _PR5 = 0x11c
                    0x011e                  T4CON = 0x11e
                    0x011e                  _T4CON = 0x11e
                    0x011e                  _T4CONbits = 0x11e
                    0x0120                  T5CON = 0x120
                    0x0120                  _T5CON = 0x120
                    0x0120                  _T5CONbits = 0x120
                    0x0140                  IC1BUF = 0x140
                    0x0140                  _IC1BUF = 0x140
                    0x0142                  IC1CON = 0x142
                    0x0142                  _IC1CON = 0x142
                    0x0142                  _IC1CONbits = 0x142
                    0x0144                  IC2BUF = 0x144
                    0x0144                  _IC2BUF = 0x144
                    0x0146                  IC2CON = 0x146
                    0x0146                  _IC2CON = 0x146
                    0x0146                  _IC2CONbits = 0x146
                    0x0158                  IC7BUF = 0x158
                    0x0158                  _IC7BUF = 0x158
                    0x015a                  IC7CON = 0x15a
                    0x015a                  _IC7CON = 0x15a
                    0x015a                  _IC7CONbits = 0x15a
                    0x015c                  IC8BUF = 0x15c
                    0x015c                  _IC8BUF = 0x15c
                    0x015e                  IC8CON = 0x15e
                    0x015e                  _IC8CON = 0x15e
                    0x015e                  _IC8CONbits = 0x15e
                    0x0180                  OC1RS = 0x180
                    0x0180                  _OC1RS = 0x180
                    0x0182                  OC1R = 0x182
                    0x0182                  _OC1R = 0x182
                    0x0184                  OC1CON = 0x184
                    0x0184                  _OC1CON = 0x184
                    0x0184                  _OC1CONbits = 0x184
                    0x0186                  OC2RS = 0x186
                    0x0186                  _OC2RS = 0x186
                    0x0188                  OC2R = 0x188
                    0x0188                  _OC2R = 0x188
                    0x018a                  OC2CON = 0x18a
                    0x018a                  _OC2CON = 0x18a
                    0x018a                  _OC2CONbits = 0x18a
                    0x018c                  OC3RS = 0x18c
                    0x018c                  _OC3RS = 0x18c
                    0x018e                  OC3R = 0x18e
                    0x018e                  _OC3R = 0x18e
                    0x0190                  OC3CON = 0x190
                    0x0190                  _OC3CON = 0x190
                    0x0190                  _OC3CONbits = 0x190
                    0x0192                  OC4RS = 0x192
                    0x0192                  _OC4RS = 0x192
                    0x0194                  OC4R = 0x194
                    0x0194                  _OC4R = 0x194
                    0x0196                  OC4CON = 0x196
                    0x0196                  _OC4CON = 0x196
                    0x0196                  _OC4CONbits = 0x196
                    0x0200                  I2C1RCV = 0x200
                    0x0200                  _I2C1RCV = 0x200
                    0x0200                  I2CRCV = 0x200
                    0x0200                  _I2CRCV = 0x200
                    0x0202                  I2C1TRN = 0x202
                    0x0202                  _I2C1TRN = 0x202
                    0x0202                  I2CTRN = 0x202
                    0x0202                  _I2CTRN = 0x202
                    0x0204                  I2C1BRG = 0x204
                    0x0204                  _I2C1BRG = 0x204
                    0x0206                  I2C1CON = 0x206
                    0x0206                  _I2C1CON = 0x206
                    0x0206                  _I2C1CONbits = 0x206
                    0x0206                  I2CCON = 0x206
                    0x0206                  _I2CCON = 0x206
                    0x0206                  _I2CCONbits = 0x206
                    0x0208                  I2C1STAT = 0x208
                    0x0208                  _I2C1STAT = 0x208
                    0x0208                  _I2C1STATbits = 0x208
                    0x0208                  I2CSTAT = 0x208
                    0x0208                  _I2CSTAT = 0x208
                    0x0208                  _I2CSTATbits = 0x208
                    0x020a                  I2C1ADD = 0x20a
                    0x020a                  _I2C1ADD = 0x20a
                    0x020a                  I2CADD = 0x20a
                    0x020a                  _I2CADD = 0x20a
                    0x020c                  I2C1MSK = 0x20c
                    0x020c                  _I2C1MSK = 0x20c
                    0x0220                  U1MODE = 0x220
                    0x0220                  _U1MODE = 0x220
                    0x0220                  _U1MODEbits = 0x220
                    0x0222                  U1STA = 0x222
                    0x0222                  _U1STA = 0x222
                    0x0222                  _U1STAbits = 0x222
                    0x0224                  U1TXREG = 0x224
                    0x0224                  _U1TXREG = 0x224
                    0x0224                  _U1TXREGbits = 0x224
                    0x0226                  U1RXREG = 0x226
                    0x0226                  _U1RXREG = 0x226
                    0x0226                  _U1RXREGbits = 0x226
                    0x0228                  U1BRG = 0x228
                    0x0228                  _U1BRG = 0x228
                    0x0230                  U2MODE = 0x230
                    0x0230                  _U2MODE = 0x230
                    0x0230                  _U2MODEbits = 0x230
                    0x0232                  U2STA = 0x232
                    0x0232                  _U2STA = 0x232
                    0x0232                  _U2STAbits = 0x232
                    0x0234                  U2TXREG = 0x234
                    0x0234                  _U2TXREG = 0x234
                    0x0234                  _U2TXREGbits = 0x234
                    0x0236                  U2RXREG = 0x236
                    0x0236                  _U2RXREG = 0x236
                    0x0236                  _U2RXREGbits = 0x236
                    0x0238                  U2BRG = 0x238
                    0x0238                  _U2BRG = 0x238
                    0x0240                  SPI1STAT = 0x240
                    0x0240                  _SPI1STAT = 0x240
                    0x0240                  _SPI1STATbits = 0x240
                    0x0242                  SPI1CON1 = 0x242
                    0x0242                  _SPI1CON1 = 0x242
                    0x0242                  _SPI1CON1bits = 0x242
                    0x0244                  SPI1CON2 = 0x244
                    0x0244                  _SPI1CON2 = 0x244
                    0x0244                  _SPI1CON2bits = 0x244
                    0x0248                  SPI1BUF = 0x248
                    0x0248                  _SPI1BUF = 0x248
                    0x0260                  SPI2STAT = 0x260
                    0x0260                  _SPI2STAT = 0x260
                    0x0260                  _SPI2STATbits = 0x260
                    0x0262                  SPI2CON1 = 0x262
                    0x0262                  _SPI2CON1 = 0x262
                    0x0262                  _SPI2CON1bits = 0x262
                    0x0264                  SPI2CON2 = 0x264
                    0x0264                  _SPI2CON2 = 0x264
                    0x0264                  _SPI2CON2bits = 0x264
                    0x0268                  SPI2BUF = 0x268
                    0x0268                  _SPI2BUF = 0x268
                    0x0280                  DCICON1 = 0x280
                    0x0280                  _DCICON1 = 0x280
                    0x0280                  _DCICON1bits = 0x280
                    0x0282                  DCICON2 = 0x282
                    0x0282                  _DCICON2 = 0x282
                    0x0282                  _DCICON2bits = 0x282
                    0x0284                  DCICON3 = 0x284
                    0x0284                  _DCICON3 = 0x284
                    0x0284                  _DCICON3bits = 0x284
                    0x0286                  DCISTAT = 0x286
                    0x0286                  _DCISTAT = 0x286
                    0x0286                  _DCISTATbits = 0x286
                    0x0288                  TSCON = 0x288
                    0x0288                  _TSCON = 0x288
                    0x0288                  _TSCONbits = 0x288
                    0x028c                  RSCON = 0x28c
                    0x028c                  _RSCON = 0x28c
                    0x028c                  _RSCONbits = 0x28c
                    0x0290                  RXBUF0 = 0x290
                    0x0290                  _RXBUF0 = 0x290
                    0x0292                  RXBUF1 = 0x292
                    0x0292                  _RXBUF1 = 0x292
                    0x0294                  RXBUF2 = 0x294
                    0x0294                  _RXBUF2 = 0x294
                    0x0296                  RXBUF3 = 0x296
                    0x0296                  _RXBUF3 = 0x296
                    0x0298                  TXBUF0 = 0x298
                    0x0298                  _TXBUF0 = 0x298
                    0x029a                  TXBUF1 = 0x29a
                    0x029a                  _TXBUF1 = 0x29a
                    0x029c                  TXBUF2 = 0x29c
                    0x029c                  _TXBUF2 = 0x29c
                    0x029e                  TXBUF3 = 0x29e
                    0x029e                  _TXBUF3 = 0x29e
                    0x02c0                  TRISA = 0x2c0
                    0x02c0                  _TRISA = 0x2c0
                    0x02c0                  _TRISAbits = 0x2c0
                    0x02c2                  PORTA = 0x2c2
                    0x02c2                  _PORTA = 0x2c2
                    0x02c2                  _PORTAbits = 0x2c2
                    0x02c4                  LATA = 0x2c4
                    0x02c4                  _LATA = 0x2c4
                    0x02c4                  _LATAbits = 0x2c4
                    0x02c6                  ODCA = 0x2c6
                    0x02c6                  _ODCA = 0x2c6
                    0x02c6                  _ODCAbits = 0x2c6
                    0x02c8                  TRISB = 0x2c8
                    0x02c8                  _TRISB = 0x2c8
                    0x02c8                  _TRISBbits = 0x2c8
                    0x02ca                  PORTB = 0x2ca
                    0x02ca                  _PORTB = 0x2ca
                    0x02ca                  _PORTBbits = 0x2ca
                    0x02cc                  LATB = 0x2cc
                    0x02cc                  _LATB = 0x2cc
                    0x02cc                  _LATBbits = 0x2cc
                    0x02ce                  ODCB = 0x2ce
                    0x02ce                  _ODCB = 0x2ce
                    0x02ce                  _ODCBbits = 0x2ce
                    0x02d0                  TRISC = 0x2d0
                    0x02d0                  _TRISC = 0x2d0
                    0x02d0                  _TRISCbits = 0x2d0
                    0x02d2                  PORTC = 0x2d2
                    0x02d2                  _PORTC = 0x2d2
                    0x02d2                  _PORTCbits = 0x2d2
                    0x02d4                  LATC = 0x2d4
                    0x02d4                  _LATC = 0x2d4
                    0x02d4                  _LATCbits = 0x2d4
                    0x02d6                  ODCC = 0x2d6
                    0x02d6                  _ODCC = 0x2d6
                    0x02d6                  _ODCCbits = 0x2d6
                    0x02fc                  PADCFG1 = 0x2fc
                    0x02fc                  _PADCFG1 = 0x2fc
                    0x02fc                  _PADCFG1bits = 0x2fc
                    0x0300                  ADC1BUF0 = 0x300
                    0x0300                  _ADC1BUF0 = 0x300
                    0x0300                  ADCBUF0 = 0x300
                    0x0300                  _ADCBUF0 = 0x300
                    0x0320                  AD1CON1 = 0x320
                    0x0320                  _AD1CON1 = 0x320
                    0x0320                  _AD1CON1bits = 0x320
                    0x0322                  AD1CON2 = 0x322
                    0x0322                  _AD1CON2 = 0x322
                    0x0322                  _AD1CON2bits = 0x322
                    0x0324                  AD1CON3 = 0x324
                    0x0324                  _AD1CON3 = 0x324
                    0x0324                  _AD1CON3bits = 0x324
                    0x0326                  AD1CHS123 = 0x326
                    0x0326                  _AD1CHS123 = 0x326
                    0x0326                  _AD1CHS123bits = 0x326
                    0x0328                  AD1CHS0 = 0x328
                    0x0328                  _AD1CHS0 = 0x328
                    0x0328                  _AD1CHS0bits = 0x328
                    0x032c                  AD1PCFGL = 0x32c
                    0x032c                  _AD1PCFGL = 0x32c
                    0x032c                  _AD1PCFGLbits = 0x32c
                    0x032c                  ADPCFG = 0x32c
                    0x032c                  _ADPCFG = 0x32c
                    0x032c                  _ADPCFGbits = 0x32c
                    0x0330                  AD1CSSL = 0x330
                    0x0330                  _AD1CSSL = 0x330
                    0x0330                  _AD1CSSLbits = 0x330
                    0x0332                  AD1CON4 = 0x332
                    0x0332                  _AD1CON4 = 0x332
                    0x0332                  _AD1CON4bits = 0x332
                    0x0380                  DMA0CON = 0x380
                    0x0380                  _DMA0CON = 0x380
                    0x0380                  _DMA0CONbits = 0x380
                    0x0382                  DMA0REQ = 0x382
                    0x0382                  _DMA0REQ = 0x382
                    0x0382                  _DMA0REQbits = 0x382
                    0x0384                  DMA0STA = 0x384
                    0x0384                  _DMA0STA = 0x384
                    0x0386                  DMA0STB = 0x386
                    0x0386                  _DMA0STB = 0x386
                    0x0388                  DMA0PAD = 0x388
                    0x0388                  _DMA0PAD = 0x388
                    0x038a                  DMA0CNT = 0x38a
                    0x038a                  _DMA0CNT = 0x38a
                    0x038c                  DMA1CON = 0x38c
                    0x038c                  _DMA1CON = 0x38c
                    0x038c                  _DMA1CONbits = 0x38c
                    0x038e                  DMA1REQ = 0x38e
                    0x038e                  _DMA1REQ = 0x38e
                    0x038e                  _DMA1REQbits = 0x38e
                    0x0390                  DMA1STA = 0x390
                    0x0390                  _DMA1STA = 0x390
                    0x0392                  DMA1STB = 0x392
                    0x0392                  _DMA1STB = 0x392
                    0x0394                  DMA1PAD = 0x394
                    0x0394                  _DMA1PAD = 0x394
                    0x0396                  DMA1CNT = 0x396
                    0x0396                  _DMA1CNT = 0x396
                    0x0398                  DMA2CON = 0x398
                    0x0398                  _DMA2CON = 0x398
                    0x0398                  _DMA2CONbits = 0x398
                    0x039a                  DMA2REQ = 0x39a
                    0x039a                  _DMA2REQ = 0x39a
                    0x039a                  _DMA2REQbits = 0x39a
                    0x039c                  DMA2STA = 0x39c
                    0x039c                  _DMA2STA = 0x39c
                    0x039e                  DMA2STB = 0x39e
                    0x039e                  _DMA2STB = 0x39e
                    0x03a0                  DMA2PAD = 0x3a0
                    0x03a0                  _DMA2PAD = 0x3a0
                    0x03a2                  DMA2CNT = 0x3a2
                    0x03a2                  _DMA2CNT = 0x3a2
                    0x03a4                  DMA3CON = 0x3a4
                    0x03a4                  _DMA3CON = 0x3a4
                    0x03a4                  _DMA3CONbits = 0x3a4
                    0x03a6                  DMA3REQ = 0x3a6
                    0x03a6                  _DMA3REQ = 0x3a6
                    0x03a6                  _DMA3REQbits = 0x3a6
                    0x03a8                  DMA3STA = 0x3a8
                    0x03a8                  _DMA3STA = 0x3a8
                    0x03aa                  DMA3STB = 0x3aa
                    0x03aa                  _DMA3STB = 0x3aa
                    0x03ac                  DMA3PAD = 0x3ac
                    0x03ac                  _DMA3PAD = 0x3ac
                    0x03ae                  DMA3CNT = 0x3ae
                    0x03ae                  _DMA3CNT = 0x3ae
                    0x03b0                  DMA4CON = 0x3b0
                    0x03b0                  _DMA4CON = 0x3b0
                    0x03b0                  _DMA4CONbits = 0x3b0
                    0x03b2                  DMA4REQ = 0x3b2
                    0x03b2                  _DMA4REQ = 0x3b2
                    0x03b2                  _DMA4REQbits = 0x3b2
                    0x03b4                  DMA4STA = 0x3b4
                    0x03b4                  _DMA4STA = 0x3b4
                    0x03b6                  DMA4STB = 0x3b6
                    0x03b6                  _DMA4STB = 0x3b6
                    0x03b8                  DMA4PAD = 0x3b8
                    0x03b8                  _DMA4PAD = 0x3b8
                    0x03ba                  DMA4CNT = 0x3ba
                    0x03ba                  _DMA4CNT = 0x3ba
                    0x03bc                  DMA5CON = 0x3bc
                    0x03bc                  _DMA5CON = 0x3bc
                    0x03bc                  _DMA5CONbits = 0x3bc
                    0x03be                  DMA5REQ = 0x3be
                    0x03be                  _DMA5REQ = 0x3be
                    0x03be                  _DMA5REQbits = 0x3be
                    0x03c0                  DMA5STA = 0x3c0
                    0x03c0                  _DMA5STA = 0x3c0
                    0x03c2                  DMA5STB = 0x3c2
                    0x03c2                  _DMA5STB = 0x3c2
                    0x03c4                  DMA5PAD = 0x3c4
                    0x03c4                  _DMA5PAD = 0x3c4
                    0x03c6                  DMA5CNT = 0x3c6
                    0x03c6                  _DMA5CNT = 0x3c6
                    0x03c8                  DMA6CON = 0x3c8
                    0x03c8                  _DMA6CON = 0x3c8
                    0x03c8                  _DMA6CONbits = 0x3c8
                    0x03ca                  DMA6REQ = 0x3ca
                    0x03ca                  _DMA6REQ = 0x3ca
                    0x03ca                  _DMA6REQbits = 0x3ca
                    0x03cc                  DMA6STA = 0x3cc
                    0x03cc                  _DMA6STA = 0x3cc
                    0x03ce                  DMA6STB = 0x3ce
                    0x03ce                  _DMA6STB = 0x3ce
                    0x03d0                  DMA6PAD = 0x3d0
                    0x03d0                  _DMA6PAD = 0x3d0
                    0x03d2                  DMA6CNT = 0x3d2
                    0x03d2                  _DMA6CNT = 0x3d2
                    0x03d4                  DMA7CON = 0x3d4
                    0x03d4                  _DMA7CON = 0x3d4
                    0x03d4                  _DMA7CONbits = 0x3d4
                    0x03d6                  DMA7REQ = 0x3d6
                    0x03d6                  _DMA7REQ = 0x3d6
                    0x03d6                  _DMA7REQbits = 0x3d6
                    0x03d8                  DMA7STA = 0x3d8
                    0x03d8                  _DMA7STA = 0x3d8
                    0x03da                  DMA7STB = 0x3da
                    0x03da                  _DMA7STB = 0x3da
                    0x03dc                  DMA7PAD = 0x3dc
                    0x03dc                  _DMA7PAD = 0x3dc
                    0x03de                  DMA7CNT = 0x3de
                    0x03de                  _DMA7CNT = 0x3de
                    0x03e0                  DMACS0 = 0x3e0
                    0x03e0                  _DMACS0 = 0x3e0
                    0x03e0                  _DMACS0bits = 0x3e0
                    0x03e2                  DMACS1 = 0x3e2
                    0x03e2                  _DMACS1 = 0x3e2
                    0x03e2                  _DMACS1bits = 0x3e2
                    0x03e4                  DSADR = 0x3e4
                    0x03e4                  _DSADR = 0x3e4
                    0x03f0                  DAC1CON = 0x3f0
                    0x03f0                  _DAC1CON = 0x3f0
                    0x03f0                  _DAC1CONbits = 0x3f0
                    0x03f2                  DAC1STAT = 0x3f2
                    0x03f2                  _DAC1STAT = 0x3f2
                    0x03f2                  _DAC1STATbits = 0x3f2
                    0x03f4                  DAC1DFLT = 0x3f4
                    0x03f4                  _DAC1DFLT = 0x3f4
                    0x03f6                  DAC1RDAT = 0x3f6
                    0x03f6                  _DAC1RDAT = 0x3f6
                    0x03f8                  DAC1LDAT = 0x3f8
                    0x03f8                  _DAC1LDAT = 0x3f8
                    0x0400                  C1CTRL1 = 0x400
                    0x0400                  _C1CTRL1 = 0x400
                    0x0400                  _C1CTRL1bits = 0x400
                    0x0402                  C1CTRL2 = 0x402
                    0x0402                  _C1CTRL2 = 0x402
                    0x0402                  _C1CTRL2bits = 0x402
                    0x0404                  C1VEC = 0x404
                    0x0404                  _C1VEC = 0x404
                    0x0404                  _C1VECbits = 0x404
                    0x0406                  C1FCTRL = 0x406
                    0x0406                  _C1FCTRL = 0x406
                    0x0406                  _C1FCTRLbits = 0x406
                    0x0408                  C1FIFO = 0x408
                    0x0408                  _C1FIFO = 0x408
                    0x0408                  _C1FIFObits = 0x408
                    0x040a                  C1INTF = 0x40a
                    0x040a                  _C1INTF = 0x40a
                    0x040a                  _C1INTFbits = 0x40a
                    0x040c                  C1INTE = 0x40c
                    0x040c                  _C1INTE = 0x40c
                    0x040c                  _C1INTEbits = 0x40c
                    0x040e                  C1EC = 0x40e
                    0x040e                  _C1EC = 0x40e
                    0x040e                  _C1ECbits = 0x40e
                    0x040e                  C1RERRCNT = 0x40e
                    0x040e                  _C1RERRCNT = 0x40e
                    0x040f                  C1TERRCNT = 0x40f
                    0x040f                  _C1TERRCNT = 0x40f
                    0x0410                  C1CFG1 = 0x410
                    0x0410                  _C1CFG1 = 0x410
                    0x0410                  _C1CFG1bits = 0x410
                    0x0412                  C1CFG2 = 0x412
                    0x0412                  _C1CFG2 = 0x412
                    0x0412                  _C1CFG2bits = 0x412
                    0x0414                  C1FEN1 = 0x414
                    0x0414                  _C1FEN1 = 0x414
                    0x0414                  _C1FEN1bits = 0x414
                    0x0418                  C1FMSKSEL1 = 0x418
                    0x0418                  _C1FMSKSEL1 = 0x418
                    0x0418                  _C1FMSKSEL1bits = 0x418
                    0x041a                  C1FMSKSEL2 = 0x41a
                    0x041a                  _C1FMSKSEL2 = 0x41a
                    0x041a                  _C1FMSKSEL2bits = 0x41a
                    0x0420                  C1BUFPNT1 = 0x420
                    0x0420                  _C1BUFPNT1 = 0x420
                    0x0420                  _C1BUFPNT1bits = 0x420
                    0x0420                  C1RXFUL1 = 0x420
                    0x0420                  _C1RXFUL1 = 0x420
                    0x0420                  _C1RXFUL1bits = 0x420
                    0x0422                  C1BUFPNT2 = 0x422
                    0x0422                  _C1BUFPNT2 = 0x422
                    0x0422                  _C1BUFPNT2bits = 0x422
                    0x0422                  C1RXFUL2 = 0x422
                    0x0422                  _C1RXFUL2 = 0x422
                    0x0422                  _C1RXFUL2bits = 0x422
                    0x0424                  C1BUFPNT3 = 0x424
                    0x0424                  _C1BUFPNT3 = 0x424
                    0x0424                  _C1BUFPNT3bits = 0x424
                    0x0426                  C1BUFPNT4 = 0x426
                    0x0426                  _C1BUFPNT4 = 0x426
                    0x0426                  _C1BUFPNT4bits = 0x426
                    0x0428                  C1RXOVF1 = 0x428
                    0x0428                  _C1RXOVF1 = 0x428
                    0x0428                  _C1RXOVF1bits = 0x428
                    0x042a                  C1RXOVF2 = 0x42a
                    0x042a                  _C1RXOVF2 = 0x42a
                    0x042a                  _C1RXOVF2bits = 0x42a
                    0x0430                  C1RXM0SID = 0x430
                    0x0430                  _C1RXM0SID = 0x430
                    0x0430                  _C1RXM0SIDbits = 0x430
                    0x0430                  C1TR01CON = 0x430
                    0x0430                  _C1TR01CON = 0x430
                    0x0430                  _C1TR01CONbits = 0x430
                    0x0432                  C1RXM0EID = 0x432
                    0x0432                  _C1RXM0EID = 0x432
                    0x0432                  _C1RXM0EIDbits = 0x432
                    0x0432                  C1TR23CON = 0x432
                    0x0432                  _C1TR23CON = 0x432
                    0x0432                  _C1TR23CONbits = 0x432
                    0x0434                  C1RXM1SID = 0x434
                    0x0434                  _C1RXM1SID = 0x434
                    0x0434                  _C1RXM1SIDbits = 0x434
                    0x0434                  C1TR45CON = 0x434
                    0x0434                  _C1TR45CON = 0x434
                    0x0434                  _C1TR45CONbits = 0x434
                    0x0436                  C1RXM1EID = 0x436
                    0x0436                  _C1RXM1EID = 0x436
                    0x0436                  _C1RXM1EIDbits = 0x436
                    0x0436                  C1TR67CON = 0x436
                    0x0436                  _C1TR67CON = 0x436
                    0x0436                  _C1TR67CONbits = 0x436
                    0x0438                  C1RXM2SID = 0x438
                    0x0438                  _C1RXM2SID = 0x438
                    0x0438                  _C1RXM2SIDbits = 0x438
                    0x043a                  C1RXM2EID = 0x43a
                    0x043a                  _C1RXM2EID = 0x43a
                    0x043a                  _C1RXM2EIDbits = 0x43a
                    0x0440                  C1RXD = 0x440
                    0x0440                  _C1RXD = 0x440
                    0x0440                  C1RXF0SID = 0x440
                    0x0440                  _C1RXF0SID = 0x440
                    0x0440                  _C1RXF0SIDbits = 0x440
                    0x0442                  C1RXF0EID = 0x442
                    0x0442                  _C1RXF0EID = 0x442
                    0x0442                  _C1RXF0EIDbits = 0x442
                    0x0442                  C1TXD = 0x442
                    0x0442                  _C1TXD = 0x442
                    0x0444                  C1RXF1SID = 0x444
                    0x0444                  _C1RXF1SID = 0x444
                    0x0444                  _C1RXF1SIDbits = 0x444
                    0x0446                  C1RXF1EID = 0x446
                    0x0446                  _C1RXF1EID = 0x446
                    0x0446                  _C1RXF1EIDbits = 0x446
                    0x0448                  C1RXF2SID = 0x448
                    0x0448                  _C1RXF2SID = 0x448
                    0x0448                  _C1RXF2SIDbits = 0x448
                    0x044a                  C1RXF2EID = 0x44a
                    0x044a                  _C1RXF2EID = 0x44a
                    0x044a                  _C1RXF2EIDbits = 0x44a
                    0x044c                  C1RXF3SID = 0x44c
                    0x044c                  _C1RXF3SID = 0x44c
                    0x044c                  _C1RXF3SIDbits = 0x44c
                    0x044e                  C1RXF3EID = 0x44e
                    0x044e                  _C1RXF3EID = 0x44e
                    0x044e                  _C1RXF3EIDbits = 0x44e
                    0x0450                  C1RXF4SID = 0x450
                    0x0450                  _C1RXF4SID = 0x450
                    0x0450                  _C1RXF4SIDbits = 0x450
                    0x0452                  C1RXF4EID = 0x452
                    0x0452                  _C1RXF4EID = 0x452
                    0x0452                  _C1RXF4EIDbits = 0x452
                    0x0454                  C1RXF5SID = 0x454
                    0x0454                  _C1RXF5SID = 0x454
                    0x0454                  _C1RXF5SIDbits = 0x454
                    0x0456                  C1RXF5EID = 0x456
                    0x0456                  _C1RXF5EID = 0x456
                    0x0456                  _C1RXF5EIDbits = 0x456
                    0x0458                  C1RXF6SID = 0x458
                    0x0458                  _C1RXF6SID = 0x458
                    0x0458                  _C1RXF6SIDbits = 0x458
                    0x045a                  C1RXF6EID = 0x45a
                    0x045a                  _C1RXF6EID = 0x45a
                    0x045a                  _C1RXF6EIDbits = 0x45a
                    0x045c                  C1RXF7SID = 0x45c
                    0x045c                  _C1RXF7SID = 0x45c
                    0x045c                  _C1RXF7SIDbits = 0x45c
                    0x045e                  C1RXF7EID = 0x45e
                    0x045e                  _C1RXF7EID = 0x45e
                    0x045e                  _C1RXF7EIDbits = 0x45e
                    0x0460                  C1RXF8SID = 0x460
                    0x0460                  _C1RXF8SID = 0x460
                    0x0460                  _C1RXF8SIDbits = 0x460
                    0x0462                  C1RXF8EID = 0x462
                    0x0462                  _C1RXF8EID = 0x462
                    0x0462                  _C1RXF8EIDbits = 0x462
                    0x0464                  C1RXF9SID = 0x464
                    0x0464                  _C1RXF9SID = 0x464
                    0x0464                  _C1RXF9SIDbits = 0x464
                    0x0466                  C1RXF9EID = 0x466
                    0x0466                  _C1RXF9EID = 0x466
                    0x0466                  _C1RXF9EIDbits = 0x466
                    0x0468                  C1RXF10SID = 0x468
                    0x0468                  _C1RXF10SID = 0x468
                    0x0468                  _C1RXF10SIDbits = 0x468
                    0x046a                  C1RXF10EID = 0x46a
                    0x046a                  _C1RXF10EID = 0x46a
                    0x046a                  _C1RXF10EIDbits = 0x46a
                    0x046c                  C1RXF11SID = 0x46c
                    0x046c                  _C1RXF11SID = 0x46c
                    0x046c                  _C1RXF11SIDbits = 0x46c
                    0x046e                  C1RXF11EID = 0x46e
                    0x046e                  _C1RXF11EID = 0x46e
                    0x046e                  _C1RXF11EIDbits = 0x46e
                    0x0470                  C1RXF12SID = 0x470
                    0x0470                  _C1RXF12SID = 0x470
                    0x0470                  _C1RXF12SIDbits = 0x470
                    0x0472                  C1RXF12EID = 0x472
                    0x0472                  _C1RXF12EID = 0x472
                    0x0472                  _C1RXF12EIDbits = 0x472
                    0x0474                  C1RXF13SID = 0x474
                    0x0474                  _C1RXF13SID = 0x474
                    0x0474                  _C1RXF13SIDbits = 0x474
                    0x0476                  C1RXF13EID = 0x476
                    0x0476                  _C1RXF13EID = 0x476
                    0x0476                  _C1RXF13EIDbits = 0x476
                    0x0478                  C1RXF14SID = 0x478
                    0x0478                  _C1RXF14SID = 0x478
                    0x0478                  _C1RXF14SIDbits = 0x478
                    0x047a                  C1RXF14EID = 0x47a
                    0x047a                  _C1RXF14EID = 0x47a
                    0x047a                  _C1RXF14EIDbits = 0x47a
                    0x047c                  C1RXF15SID = 0x47c
                    0x047c                  _C1RXF15SID = 0x47c
                    0x047c                  _C1RXF15SIDbits = 0x47c
                    0x047e                  C1RXF15EID = 0x47e
                    0x047e                  _C1RXF15EID = 0x47e
                    0x047e                  _C1RXF15EIDbits = 0x47e
                    0x0600                  PMCON = 0x600
                    0x0600                  _PMCON = 0x600
                    0x0600                  _PMCONbits = 0x600
                    0x0602                  PMMODE = 0x602
                    0x0602                  _PMMODE = 0x602
                    0x0602                  _PMMODEbits = 0x602
                    0x0604                  PMADDR = 0x604
                    0x0604                  _PMADDR = 0x604
                    0x0604                  _PMADDRbits = 0x604
                    0x0604                  PMDOUT1 = 0x604
                    0x0604                  _PMDOUT1 = 0x604
                    0x0606                  PMDOUT2 = 0x606
                    0x0606                  _PMDOUT2 = 0x606
                    0x0608                  PMDIN1 = 0x608
                    0x0608                  _PMDIN1 = 0x608
                    0x060a                  PMDIN2 = 0x60a
                    0x060a                  _PMDIN2 = 0x60a
                    0x060c                  PMAEN = 0x60c
                    0x060c                  _PMAEN = 0x60c
                    0x060c                  _PMAENbits = 0x60c
                    0x060e                  PMSTAT = 0x60e
                    0x060e                  _PMSTAT = 0x60e
                    0x060e                  _PMSTATbits = 0x60e
                    0x0620                  ALRMVAL = 0x620
                    0x0620                  _ALRMVAL = 0x620
                    0x0622                  ALCFGRPT = 0x622
                    0x0622                  _ALCFGRPT = 0x622
                    0x0622                  _ALCFGRPTbits = 0x622
                    0x0624                  RTCVAL = 0x624
                    0x0624                  _RTCVAL = 0x624
                    0x0626                  RCFGCAL = 0x626
                    0x0626                  _RCFGCAL = 0x626
                    0x0626                  _RCFGCALbits = 0x626
                    0x0630                  CMCON = 0x630
                    0x0630                  _CMCON = 0x630
                    0x0630                  _CMCONbits = 0x630
                    0x0632                  CVRCON = 0x632
                    0x0632                  _CVRCON = 0x632
                    0x0632                  _CVRCONbits = 0x632
                    0x0640                  CRCCON = 0x640
                    0x0640                  _CRCCON = 0x640
                    0x0640                  _CRCCONbits = 0x640
                    0x0642                  CRCXOR = 0x642
                    0x0642                  _CRCXOR = 0x642
                    0x0644                  CRCDAT = 0x644
                    0x0644                  _CRCDAT = 0x644
                    0x0646                  CRCWDAT = 0x646
                    0x0646                  _CRCWDAT = 0x646
                    0x0680                  RPINR0 = 0x680
                    0x0680                  _RPINR0 = 0x680
                    0x0680                  _RPINR0bits = 0x680
                    0x0682                  RPINR1 = 0x682
                    0x0682                  _RPINR1 = 0x682
                    0x0682                  _RPINR1bits = 0x682
                    0x0686                  RPINR3 = 0x686
                    0x0686                  _RPINR3 = 0x686
                    0x0686                  _RPINR3bits = 0x686
                    0x0688                  RPINR4 = 0x688
                    0x0688                  _RPINR4 = 0x688
                    0x0688                  _RPINR4bits = 0x688
                    0x068e                  RPINR7 = 0x68e
                    0x068e                  _RPINR7 = 0x68e
                    0x068e                  _RPINR7bits = 0x68e
                    0x0694                  RPINR10 = 0x694
                    0x0694                  _RPINR10 = 0x694
                    0x0694                  _RPINR10bits = 0x694
                    0x0696                  RPINR11 = 0x696
                    0x0696                  _RPINR11 = 0x696
                    0x0696                  _RPINR11bits = 0x696
                    0x06a4                  RPINR18 = 0x6a4
                    0x06a4                  _RPINR18 = 0x6a4
                    0x06a4                  _RPINR18bits = 0x6a4
                    0x06a6                  RPINR19 = 0x6a6
                    0x06a6                  _RPINR19 = 0x6a6
                    0x06a6                  _RPINR19bits = 0x6a6
                    0x06a8                  RPINR20 = 0x6a8
                    0x06a8                  _RPINR20 = 0x6a8
                    0x06a8                  _RPINR20bits = 0x6a8
                    0x06aa                  RPINR21 = 0x6aa
                    0x06aa                  _RPINR21 = 0x6aa
                    0x06aa                  _RPINR21bits = 0x6aa
                    0x06ac                  RPINR22 = 0x6ac
                    0x06ac                  _RPINR22 = 0x6ac
                    0x06ac                  _RPINR22bits = 0x6ac
                    0x06ae                  RPINR23 = 0x6ae
                    0x06ae                  _RPINR23 = 0x6ae
                    0x06ae                  _RPINR23bits = 0x6ae
                    0x06b0                  RPINR24 = 0x6b0
                    0x06b0                  _RPINR24 = 0x6b0
                    0x06b0                  _RPINR24bits = 0x6b0
                    0x06b2                  RPINR25 = 0x6b2
                    0x06b2                  _RPINR25 = 0x6b2
                    0x06b2                  _RPINR25bits = 0x6b2
                    0x06b4                  RPINR26 = 0x6b4
                    0x06b4                  _RPINR26 = 0x6b4
                    0x06b4                  _RPINR26bits = 0x6b4
                    0x06c0                  RPOR0 = 0x6c0
                    0x06c0                  _RPOR0 = 0x6c0
                    0x06c0                  _RPOR0bits = 0x6c0
                    0x06c2                  RPOR1 = 0x6c2
                    0x06c2                  _RPOR1 = 0x6c2
                    0x06c2                  _RPOR1bits = 0x6c2
                    0x06c4                  RPOR2 = 0x6c4
                    0x06c4                  _RPOR2 = 0x6c4
                    0x06c4                  _RPOR2bits = 0x6c4
                    0x06c6                  RPOR3 = 0x6c6
                    0x06c6                  _RPOR3 = 0x6c6
                    0x06c6                  _RPOR3bits = 0x6c6
                    0x06c8                  RPOR4 = 0x6c8
                    0x06c8                  _RPOR4 = 0x6c8
                    0x06c8                  _RPOR4bits = 0x6c8
                    0x06ca                  RPOR5 = 0x6ca
                    0x06ca                  _RPOR5 = 0x6ca
                    0x06ca                  _RPOR5bits = 0x6ca
                    0x06cc                  RPOR6 = 0x6cc
                    0x06cc                  _RPOR6 = 0x6cc
                    0x06cc                  _RPOR6bits = 0x6cc
                    0x06ce                  RPOR7 = 0x6ce
                    0x06ce                  _RPOR7 = 0x6ce
                    0x06ce                  _RPOR7bits = 0x6ce
                    0x06d0                  RPOR8 = 0x6d0
                    0x06d0                  _RPOR8 = 0x6d0
                    0x06d0                  _RPOR8bits = 0x6d0
                    0x06d2                  RPOR9 = 0x6d2
                    0x06d2                  _RPOR9 = 0x6d2
                    0x06d2                  _RPOR9bits = 0x6d2
                    0x06d4                  RPOR10 = 0x6d4
                    0x06d4                  _RPOR10 = 0x6d4
                    0x06d4                  _RPOR10bits = 0x6d4
                    0x06d6                  RPOR11 = 0x6d6
                    0x06d6                  _RPOR11 = 0x6d6
                    0x06d6                  _RPOR11bits = 0x6d6
                    0x06d8                  RPOR12 = 0x6d8
                    0x06d8                  _RPOR12 = 0x6d8
                    0x06d8                  _RPOR12bits = 0x6d8
                    0x0740                  RCON = 0x740
                    0x0740                  _RCON = 0x740
                    0x0740                  _RCONbits = 0x740
                    0x0742                  OSCCON = 0x742
                    0x0742                  _OSCCON = 0x742
                    0x0742                  _OSCCONbits = 0x742
                    0x0742                  OSCCONL = 0x742
                    0x0742                  _OSCCONL = 0x742
                    0x0743                  OSCCONH = 0x743
                    0x0743                  _OSCCONH = 0x743
                    0x0744                  CLKDIV = 0x744
                    0x0744                  _CLKDIV = 0x744
                    0x0744                  _CLKDIVbits = 0x744
                    0x0746                  PLLFBD = 0x746
                    0x0746                  _PLLFBD = 0x746
                    0x0746                  _PLLFBDbits = 0x746
                    0x0748                  OSCTUN = 0x748
                    0x0748                  _OSCTUN = 0x748
                    0x0748                  _OSCTUNbits = 0x748
                    0x074a                  ACLKCON = 0x74a
                    0x074a                  _ACLKCON = 0x74a
                    0x074a                  _ACLKCONbits = 0x74a
                    0x0750                  BSRAM = 0x750
                    0x0750                  _BSRAM = 0x750
                    0x0750                  _BSRAMbits = 0x750
                    0x0752                  SSRAM = 0x752
                    0x0752                  _SSRAM = 0x752
                    0x0752                  _SSRAMbits = 0x752
                    0x0760                  NVMCON = 0x760
                    0x0760                  _NVMCON = 0x760
                    0x0760                  _NVMCONbits = 0x760
                    0x0766                  NVMKEY = 0x766
                    0x0766                  _NVMKEY = 0x766
                    0x0770                  PMD1 = 0x770
                    0x0770                  _PMD1 = 0x770
                    0x0770                  _PMD1bits = 0x770
                    0x0772                  PMD2 = 0x772
                    0x0772                  _PMD2 = 0x772
                    0x0772                  _PMD2bits = 0x772
                    0x0774                  PMD3 = 0x774
                    0x0774                  _PMD3 = 0x774
                    0x0774                  _PMD3bits = 0x774
                    0x0022                  ACCA = 0x22
                    0x0022                  _ACCA = 0x22
                    0x0028                  ACCB = 0x28
                    0x0028                  _ACCB = 0x28
                    0x0440                  CAN1 = 0x440
                    0x0440                  _CAN1 = 0x440
                    0x0140                  IC1 = 0x140
                    0x0140                  _IC1 = 0x140
                    0x0144                  IC2 = 0x144
                    0x0144                  _IC2 = 0x144
                    0x0158                  IC7 = 0x158
                    0x0158                  _IC7 = 0x158
                    0x015c                  IC8 = 0x15c
                    0x015c                  _IC8 = 0x15c
                    0x0180                  OC1 = 0x180
                    0x0180                  _OC1 = 0x180
                    0x0186                  OC2 = 0x186
                    0x0186                  _OC2 = 0x186
                    0x018c                  OC3 = 0x18c
                    0x018c                  _OC3 = 0x18c
                    0x0192                  OC4 = 0x192
                    0x0192                  _OC4 = 0x192
                    0x0240                  SPI1 = 0x240
                    0x0240                  _SPI1 = 0x240
                    0x0260                  SPI2 = 0x260
                    0x0260                  _SPI2 = 0x260
                    0x0220                  UART1 = 0x220
                    0x0220                  _UART1 = 0x220
                    0x0230                  UART2 = 0x230
                    0x0230                  _UART2 = 0x230
START GROUP
LOAD d:/program files (x86)/microchip/bin/bin/../../lib\liblega-pic30-elf.a
LOAD d:/program files (x86)/microchip/bin/bin/../../lib\libm-elf.a
LOAD d:/program files (x86)/microchip/bin/bin/../../lib\liblega-c-elf.a
END GROUP
OUTPUT(dist/XC16_dsPIC33FJ128GP804/debug/FactorDeGiro.X.debug.elf elf32-pic30)
LOAD /CW/_FGS@r´
LOAD /CW/_FSS¿π
LOAD /CW/_FBSêΩ∏
LOAD data_init

.debug_pubtypes
                  0x000078        0x11b
 .debug_pubtypes
                  0x000078         0x12 build/XC16_dsPIC33FJ128GP804/debug/configuration_bits.o
 .debug_pubtypes
                  0x00008a         0x12 build/XC16_dsPIC33FJ128GP804/debug/interrupts.o
 .debug_pubtypes
                  0x00009c         0x3e build/XC16_dsPIC33FJ128GP804/debug/main.o
 .debug_pubtypes
                  0x0000da         0x12 build/XC16_dsPIC33FJ128GP804/debug/system.o
 .debug_pubtypes
                  0x0000ec         0x42 build/XC16_dsPIC33FJ128GP804/debug/traps.o
 .debug_pubtypes
                  0x00012e         0x12 build/XC16_dsPIC33FJ128GP804/debug/user.o
 .debug_pubtypes
                  0x000140         0x32 D:\Program Files (x86)\Microchip\lib\libdsp-elf.a(inittwid.deo)
 .debug_pubtypes
                  0x000172         0x21 D:\Program Files (x86)\Microchip\lib\libdsp-elf.a(flt2frct.deo)

__c30_signature
                  0x000193         0xcc
 __c30_signature
                  0x000193          0x6 build/XC16_dsPIC33FJ128GP804/debug/configuration_bits.o
 __c30_signature
                  0x000199          0x6 build/XC16_dsPIC33FJ128GP804/debug/interrupts.o
 __c30_signature
                  0x00019f          0x6 build/XC16_dsPIC33FJ128GP804/debug/main.o
 __c30_signature
                  0x0001a5          0x6 build/XC16_dsPIC33FJ128GP804/debug/system.o
 __c30_signature
                  0x0001ab          0x6 build/XC16_dsPIC33FJ128GP804/debug/traps.o
 __c30_signature
                  0x0001b1          0x6 build/XC16_dsPIC33FJ128GP804/debug/user.o
 __c30_signature
                  0x0001b7          0x6 D:\Program Files (x86)\Microchip\lib\libdsp-elf.a(inittwid.deo)
 __c30_signature
                  0x0001bd          0x6 D:\Program Files (x86)\Microchip\lib\libdsp-elf.a(flt2frct.deo)
 __c30_signature
                  0x0001c3          0x6 d:/program files (x86)/microchip/bin/bin/../../lib\liblega-pic30-elf.a(crt0_standard.o)
 __c30_signature
                  0x0001c9          0x6 d:/program files (x86)/microchip/bin/bin/../../lib\liblega-pic30-elf.a(data_init_standard.o)
 __c30_signature
                  0x0001cf          0x6 d:/program files (x86)/microchip/bin/bin/../../lib\libm-elf.a(addsf3.eo)
 __c30_signature
                  0x0001d5          0x6 d:/program files (x86)/microchip/bin/bin/../../lib\libm-elf.a(ceilf.eo)
 __c30_signature
                  0x0001db          0x6 d:/program files (x86)/microchip/bin/bin/../../lib\libm-elf.a(cosf.eo)
 __c30_signature
                  0x0001e1          0x6 d:/program files (x86)/microchip/bin/bin/../../lib\libm-elf.a(divsf3.eo)
 __c30_signature
                  0x0001e7          0x6 d:/program files (x86)/microchip/bin/bin/../../lib\libm-elf.a(fchop.eo)
 __c30_signature
                  0x0001ed          0x6 d:/program files (x86)/microchip/bin/bin/../../lib\libm-elf.a(feqltle.eo)
 __c30_signature
                  0x0001f3          0x6 d:/program files (x86)/microchip/bin/bin/../../lib\libm-elf.a(fgtge.eo)
 __c30_signature
                  0x0001f9          0x6 d:/program files (x86)/microchip/bin/bin/../../lib\libm-elf.a(fixsfsi.eo)
 __c30_signature
                  0x0001ff          0x6 d:/program files (x86)/microchip/bin/bin/../../lib\libm-elf.a(floatsisf.eo)
 __c30_signature
                  0x000205          0x6 d:/program files (x86)/microchip/bin/bin/../../lib\libm-elf.a(floorf.eo)
 __c30_signature
                  0x00020b          0x6 d:/program files (x86)/microchip/bin/bin/../../lib\libm-elf.a(fne.eo)
 __c30_signature
                  0x000211          0x6 d:/program files (x86)/microchip/bin/bin/../../lib\libm-elf.a(fpack.eo)
 __c30_signature
                  0x000217          0x6 d:/program files (x86)/microchip/bin/bin/../../lib\libm-elf.a(funpack.eo)
 __c30_signature
                  0x00021d          0x6 d:/program files (x86)/microchip/bin/bin/../../lib\libm-elf.a(funpack2.eo)
 __c30_signature
                  0x000223          0x6 d:/program files (x86)/microchip/bin/bin/../../lib\libm-elf.a(futil.eo)
 __c30_signature
                  0x000229          0x6 d:/program files (x86)/microchip/bin/bin/../../lib\libm-elf.a(mulsf3.eo)
 __c30_signature
                  0x00022f          0x6 d:/program files (x86)/microchip/bin/bin/../../lib\libm-elf.a(sincosf.eo)
 __c30_signature
                  0x000235          0x6 d:/program files (x86)/microchip/bin/bin/../../lib\libm-elf.a(sinf.eo)
 __c30_signature
                  0x00023b          0x6 d:/program files (x86)/microchip/bin/bin/../../lib\libm-elf.a(errno.eo)
 __c30_signature
                  0x000241          0x6 d:/program files (x86)/microchip/bin/bin/../../lib\libm-elf.a(fcompare.eo)
 __c30_signature
                  0x000247          0x6 d:/program files (x86)/microchip/bin/bin/../../lib\libm-elf.a(floatdisf.eo)
 __c30_signature
                  0x00024d          0x6 d:/program files (x86)/microchip/bin/bin/../../lib\libm-elf.a(floatundisf.eo)
 __c30_signature
                  0x000253          0x6 d:/program files (x86)/microchip/bin/bin/../../lib\libm-elf.a(fmodf.eo)
 __c30_signature
                  0x000259          0x6 d:/program files (x86)/microchip/bin/bin/../../lib\libm-elf.a(fmodrem.eo)

.nbss               0x0800          0x2
 .nbss              0x0800          0x2 d:/program files (x86)/microchip/bin/bin/../../lib\libm-elf.a(errno.eo)
                    0x0800                  _errno

_038832405dc4fc18
                    0x0880         0x80
 _038832405dc4fc18
                    0x0880         0x80 build/XC16_dsPIC33FJ128GP804/debug/main.o
                    0x0880                  _twiddleFactors

.config_JTAGEN    0xf8000e          0x2
 .config_JTAGEN
                  0xf8000e          0x2 build/XC16_dsPIC33FJ128GP804/debug/configuration_bits.o

.config_ALTI2C    0xf8000c          0x2
 .config_ALTI2C
                  0xf8000c          0x2 build/XC16_dsPIC33FJ128GP804/debug/configuration_bits.o

.config_FWDTEN    0xf8000a          0x2
 .config_FWDTEN
                  0xf8000a          0x2 build/XC16_dsPIC33FJ128GP804/debug/configuration_bits.o

.config_FCKSM     0xf80008          0x2
 .config_FCKSM    0xf80008          0x2 build/XC16_dsPIC33FJ128GP804/debug/configuration_bits.o

.config_IESO      0xf80006          0x2
 .config_IESO     0xf80006          0x2 build/XC16_dsPIC33FJ128GP804/debug/configuration_bits.o

.ivt._OscillatorFail
                  0x000006          0x2
 .ivt._OscillatorFail
                  0x000006          0x2 build/XC16_dsPIC33FJ128GP804/debug/traps.o

.ivt._AddressError
                  0x000008          0x2
 .ivt._AddressError
                  0x000008          0x2 build/XC16_dsPIC33FJ128GP804/debug/traps.o

.ivt._StackError
                  0x00000a          0x2
 .ivt._StackError
                  0x00000a          0x2 build/XC16_dsPIC33FJ128GP804/debug/traps.o

.ivt._MathError
                  0x00000c          0x2
 .ivt._MathError
                  0x00000c          0x2 build/XC16_dsPIC33FJ128GP804/debug/traps.o

.ivt._DMACError
                  0x00000e          0x2
 .ivt._DMACError
                  0x00000e          0x2 build/XC16_dsPIC33FJ128GP804/debug/traps.o

.aivt._AltOscillatorFail
                  0x000106          0x2
 .aivt._AltOscillatorFail
                  0x000106          0x2 build/XC16_dsPIC33FJ128GP804/debug/traps.o

.aivt._AltAddressError
                  0x000108          0x2
 .aivt._AltAddressError
                  0x000108          0x2 build/XC16_dsPIC33FJ128GP804/debug/traps.o

.aivt._AltStackError
                  0x00010a          0x2
 .aivt._AltStackError
                  0x00010a          0x2 build/XC16_dsPIC33FJ128GP804/debug/traps.o

.aivt._AltMathError
                  0x00010c          0x2
 .aivt._AltMathError
                  0x00010c          0x2 build/XC16_dsPIC33FJ128GP804/debug/traps.o

.aivt._AltDMACError
                  0x00010e          0x2
 .aivt._AltDMACError
                  0x00010e          0x2 build/XC16_dsPIC33FJ128GP804/debug/traps.o

.dinit            0x000b56          0xe
 .dinit           0x000b56          0xe data_init

.text             0x000b64         0x12
 .text            0x000b64          0xc build/XC16_dsPIC33FJ128GP804/debug/main.o
                  0x000b64                  _main
 .text            0x000b70          0x6 build/XC16_dsPIC33FJ128GP804/debug/system.o
                  0x000b70                  _ConfigureOscillator
